Component: Arm Compiler for Embedded 6.19 Tool: armlink [5e73cb00]

==============================================================================

Section Cross References

    startup_stm32f429xx.o(RESET) refers to startup_stm32f429xx.o(STACK) for __initial_sp
    startup_stm32f429xx.o(RESET) refers to startup_stm32f429xx.o(.text) for Reset_Handler
    startup_stm32f429xx.o(RESET) refers to stm32f4xx_it.o(.text.NMI_Handler) for NMI_Handler
    startup_stm32f429xx.o(RESET) refers to stm32f4xx_it.o(.text.HardFault_Handler) for HardFault_Handler
    startup_stm32f429xx.o(RESET) refers to stm32f4xx_it.o(.text.MemManage_Handler) for MemManage_Handler
    startup_stm32f429xx.o(RESET) refers to stm32f4xx_it.o(.text.BusFault_Handler) for BusFault_Handler
    startup_stm32f429xx.o(RESET) refers to stm32f4xx_it.o(.text.UsageFault_Handler) for UsageFault_Handler
    startup_stm32f429xx.o(RESET) refers to port.o(.text.SVC_Handler) for SVC_Handler
    startup_stm32f429xx.o(RESET) refers to stm32f4xx_it.o(.text.DebugMon_Handler) for DebugMon_Handler
    startup_stm32f429xx.o(RESET) refers to port.o(.text.PendSV_Handler) for PendSV_Handler
    startup_stm32f429xx.o(RESET) refers to cmsis_os2.o(.text.SysTick_Handler) for SysTick_Handler
    startup_stm32f429xx.o(RESET) refers to stm32f4xx_it.o(.text.EXTI3_IRQHandler) for EXTI3_IRQHandler
    startup_stm32f429xx.o(RESET) refers to stm32f4xx_it.o(.text.TIM1_UP_TIM10_IRQHandler) for TIM1_UP_TIM10_IRQHandler
    startup_stm32f429xx.o(RESET) refers to stm32f4xx_it.o(.text.ETH_IRQHandler) for ETH_IRQHandler
    startup_stm32f429xx.o(.text) refers to system_stm32f4xx.o(.text.SystemInit) for SystemInit
    startup_stm32f429xx.o(.text) refers to entry.o(.ARM.Collect$$$$00000000) for __main
    main.o(.text.mqtt_connection_cb) refers to stm32f4xx_hal_gpio.o(.text.HAL_GPIO_WritePin) for HAL_GPIO_WritePin
    main.o(.text.mqtt_connection_cb) refers to printf3.o(i.__0printf$3) for __2printf
    main.o(.text.mqtt_connection_cb) refers to main.o(.bss..L_MergedGlobals) for .L_MergedGlobals
    main.o(.text.mqtt_connection_cb) refers to queue.o(.text.xQueueGenericSend) for xQueueGenericSend
    main.o(.text.mqtt_connection_cb) refers to puts.o(i.puts) for puts
    main.o(.ARM.exidx.text.mqtt_connection_cb) refers to main.o(.text.mqtt_connection_cb) for [Anonymous Symbol]
    main.o(.text.mqtt_pub_request_cb) refers to printf3.o(i.__0printf$3) for __2printf
    main.o(.ARM.exidx.text.mqtt_pub_request_cb) refers to main.o(.text.mqtt_pub_request_cb) for [Anonymous Symbol]
    main.o(.text.taskMQTT) refers to lwip.o(.text.MX_LWIP_Init) for MX_LWIP_Init
    main.o(.text.taskMQTT) refers to mqtt.o(.text.mqtt_client_new) for mqtt_client_new
    main.o(.text.taskMQTT) refers to main.o(.bss..L_MergedGlobals) for .L_MergedGlobals
    main.o(.text.taskMQTT) refers to main.o(.text.mqtt_connection_cb) for mqtt_connection_cb
    main.o(.text.taskMQTT) refers to queue.o(.text.xQueueSemaphoreTake) for xQueueSemaphoreTake
    main.o(.text.taskMQTT) refers to tasks.o(.text.vTaskDelay) for vTaskDelay
    main.o(.text.taskMQTT) refers to mqtt.o(.text.mqtt_client_is_connected) for mqtt_client_is_connected
    main.o(.text.taskMQTT) refers to mqtt.o(.text.mqtt_client_connect) for mqtt_client_connect
    main.o(.text.taskMQTT) refers to printf3.o(i.__0printf$3) for __2printf
    main.o(.text.taskMQTT) refers to mqtt.o(.text.mqtt_disconnect) for mqtt_disconnect
    main.o(.text.taskMQTT) refers to main.o(.rodata.str1.1) for [Anonymous Symbol]
    main.o(.ARM.exidx.text.taskMQTT) refers to main.o(.text.taskMQTT) for [Anonymous Symbol]
    main.o(.text.taskControll) refers to main.o(.bss..L_MergedGlobals) for .L_MergedGlobals
    main.o(.text.taskControll) refers to queue.o(.text.xQueueReceive) for xQueueReceive
    main.o(.text.taskControll) refers to strlen.o(.text) for strlen
    main.o(.text.taskControll) refers to mqtt.o(.text.mqtt_publish) for mqtt_publish
    main.o(.ARM.exidx.text.taskControll) refers to main.o(.text.taskControll) for [Anonymous Symbol]
    main.o(.text.taskPublish) refers to main.o(.bss..L_MergedGlobals) for .L_MergedGlobals
    main.o(.text.taskPublish) refers to tasks.o(.text.vTaskDelay) for vTaskDelay
    main.o(.text.taskPublish) refers to mqtt.o(.text.mqtt_client_is_connected) for mqtt_client_is_connected
    main.o(.text.taskPublish) refers to printf3.o(i.__0snprintf$3) for __2snprintf
    main.o(.text.taskPublish) refers to strlen.o(.text) for strlen
    main.o(.text.taskPublish) refers to mqtt.o(.text.mqtt_publish) for mqtt_publish
    main.o(.ARM.exidx.text.taskPublish) refers to main.o(.text.taskPublish) for [Anonymous Symbol]
    main.o(.text.HAL_GPIO_EXTI_Callback) refers to stm32f4xx_hal_gpio.o(.text.HAL_GPIO_ReadPin) for HAL_GPIO_ReadPin
    main.o(.text.HAL_GPIO_EXTI_Callback) refers to main.o(.bss..L_MergedGlobals) for .L_MergedGlobals
    main.o(.text.HAL_GPIO_EXTI_Callback) refers to queue.o(.text.xQueueGenericSendFromISR) for xQueueGenericSendFromISR
[...]
    pbuf_free                                0x0800aadd   Thumb Code   232  pbuf.o(.text.pbuf_free)
    pbuf_free_custom                         0x0800ac15   Thumb Code    46  ethernetif.o(.text.pbuf_free_custom)
    pbuf_get_at                              0x0800ac99   Thumb Code    80  pbuf.o(.text.pbuf_get_at)
    pbuf_header_force                        0x0800ace9   Thumb Code     6  pbuf.o(.text.pbuf_header_force)
    pbuf_realloc                             0x0800ade1   Thumb Code   204  pbuf.o(.text.pbuf_realloc)
    pbuf_ref                                 0x0800aef9   Thumb Code    68  pbuf.o(.text.pbuf_ref)
    pbuf_remove_header                       0x0800af3d   Thumb Code   120  pbuf.o(.text.pbuf_remove_header)
    pvPortMalloc                             0x0800b8cd   Thumb Code   518  heap_4.o(.text.pvPortMalloc)
    pvTaskIncrementMutexHeldCount            0x0800bad5   Thumb Code    24  tasks.o(.text.pvTaskIncrementMutexHeldCount)
    pxPortInitialiseStack                    0x0800baed   Thumb Code    40  port.o(.text.pxPortInitialiseStack)
    sys_arch_mbox_fetch                      0x0800bb15   Thumb Code    68  sys_arch.o(.text.sys_arch_mbox_fetch)
    sys_arch_protect                         0x0800bb59   Thumb Code    24  sys_arch.o(.text.sys_arch_protect)
    sys_arch_unprotect                       0x0800bb71   Thumb Code    14  sys_arch.o(.text.sys_arch_unprotect)
    sys_check_timeouts                       0x0800bb81   Thumb Code    64  timeouts.o(.text.sys_check_timeouts)
    sys_init                                 0x0800bbc1   Thumb Code    20  sys_arch.o(.text.sys_init)
    sys_mbox_new                             0x0800bbd5   Thumb Code    32  sys_arch.o(.text.sys_mbox_new)
    sys_mbox_trypost                         0x0800bbf5   Thumb Code    30  sys_arch.o(.text.sys_mbox_trypost)
    sys_mbox_valid                           0x0800bc15   Thumb Code    10  sys_arch.o(.text.sys_mbox_valid)
    sys_mutex_lock                           0x0800bc21   Thumb Code    10  sys_arch.o(.text.sys_mutex_lock)
    sys_mutex_new                            0x0800bc2d   Thumb Code    28  sys_arch.o(.text.sys_mutex_new)
    sys_mutex_unlock                         0x0800bc49   Thumb Code     6  sys_arch.o(.text.sys_mutex_unlock)
    sys_now                                  0x0800bc51   Thumb Code     4  ethernetif.o(.text.sys_now)
    sys_thread_new                           0x0800bc55   Thumb Code    42  sys_arch.o(.text.sys_thread_new)
    sys_timeout                              0x0800bc81   Thumb Code   220  timeouts.o(.text.sys_timeout)
    sys_timeouts_init                        0x0800bd95   Thumb Code    78  timeouts.o(.text.sys_timeouts_init)
    sys_timeouts_sleeptime                   0x0800bde5   Thumb Code    38  timeouts.o(.text.sys_timeouts_sleeptime)
    sys_untimeout                            0x0800be0d   Thumb Code   162  timeouts.o(.text.sys_untimeout)
    taskControll                             0x0800beb1   Thumb Code   124  main.o(.text.taskControll)
    taskMQTT                                 0x0800bf39   Thumb Code   164  main.o(.text.taskMQTT)
    taskPublish                              0x0800c01d   Thumb Code    96  main.o(.text.taskPublish)
    tcp_abandon                              0x0800c08d   Thumb Code   496  tcp.o(.text.tcp_abandon)
    tcp_abort                                0x0800c2b1   Thumb Code     6  tcp.o(.text.tcp_abort)
    tcp_alloc                                0x0800c2b9   Thumb Code   680  tcp.o(.text.tcp_alloc)
    tcp_arg                                  0x0800c561   Thumb Code     8  tcp.o(.text.tcp_arg)
    tcp_bind                                 0x0800c569   Thumb Code  1440  tcp.o(.text.tcp_bind)
    tcp_close                                0x0800cb49   Thumb Code    60  tcp.o(.text.tcp_close)
    tcp_connect                              0x0800ce91   Thumb Code  1492  tcp.o(.text.tcp_connect)
    tcp_eff_send_mss_netif                   0x0800d629   Thumb Code    72  tcp.o(.text.tcp_eff_send_mss_netif)
    tcp_enqueue_flags                        0x0800d699   Thumb Code   416  tcp_out.o(.text.tcp_enqueue_flags)
    tcp_err                                  0x0800d8ad   Thumb Code    56  tcp.o(.text.tcp_err)
    tcp_fasttmr                              0x0800d90d   Thumb Code   288  tcp.o(.text.tcp_fasttmr)
    tcp_free                                 0x0800da2d   Thumb Code    52  tcp.o(.text.tcp_free)
    tcp_free_ooseq                           0x0800dbc9   Thumb Code    44  tcp.o(.text.tcp_free_ooseq)
    tcp_init                                 0x0800dbf5   Thumb Code    22  tcp.o(.text.tcp_init)
    tcp_input                                0x0800dc0d   Thumb Code  1364  tcp_in.o(.text.tcp_input)
    tcp_keepalive                            0x0800e221   Thumb Code   280  tcp_out.o(.text.tcp_keepalive)
    tcp_netif_ip_addr_changed                0x0800e481   Thumb Code   160  tcp.o(.text.tcp_netif_ip_addr_changed)
    tcp_new_ip_type                          0x0800e521   Thumb Code     6  tcp.o(.text.tcp_new_ip_type)
    tcp_next_iss                             0x0800e529   Thumb Code    56  tcp.o(.text.tcp_next_iss)
    tcp_output                               0x0800e609   Thumb Code   948  tcp_out.o(.text.tcp_output)
    tcp_pcb_purge                            0x0800eca5   Thumb Code   188  tcp.o(.text.tcp_pcb_purge)
    tcp_pcb_remove                           0x0800ed7d   Thumb Code   276  tcp.o(.text.tcp_pcb_remove)
    tcp_poll                                 0x0800ef19   Thumb Code    80  tcp.o(.text.tcp_poll)
    tcp_process_refused_data                 0x0800f57d   Thumb Code   164  tcp.o(.text.tcp_process_refused_data)
    tcp_recv                                 0x0800ffb1   Thumb Code    56  tcp.o(.text.tcp_recv)
    tcp_recv_null                            0x08010011   Thumb Code    96  tcp.o(.text.tcp_recv_null)
    tcp_recved                               0x0801008d   Thumb Code   216  tcp.o(.text.tcp_recved)
    tcp_rexmit                               0x080101a5   Thumb Code   168  tcp_out.o(.text.tcp_rexmit)
    tcp_rexmit_fast                          0x08010265   Thumb Code   124  tcp_out.o(.text.tcp_rexmit_fast)
    tcp_rexmit_rto                           0x08010301   Thumb Code   256  tcp_out.o(.text.tcp_rexmit_rto)
    tcp_rexmit_rto_commit                    0x0801041d   Thumb Code    62  tcp_out.o(.text.tcp_rexmit_rto_commit)
    tcp_rexmit_rto_prepare                   0x0801045d   Thumb Code   204  tcp_out.o(.text.tcp_rexmit_rto_prepare)
    tcp_rst                                  0x0801054d   Thumb Code   236  tcp_out.o(.text.tcp_rst)
    tcp_seg_copy                             0x08010671   Thumb Code    68  tcp.o(.text.tcp_seg_copy)
    tcp_seg_free                             0x080106d1   Thumb Code    32  tcp.o(.text.tcp_seg_free)
    tcp_segs_free                            0x080106f1   Thumb Code    40  tcp.o(.text.tcp_segs_free)
    tcp_send_empty_ack                       0x08010719   Thumb Code   300  tcp_out.o(.text.tcp_send_empty_ack)
    tcp_send_fin                             0x08010865   Thumb Code   124  tcp_out.o(.text.tcp_send_fin)
    tcp_sent                                 0x080108fd   Thumb Code    56  tcp.o(.text.tcp_sent)
    tcp_slowtmr                              0x0801095d   Thumb Code  1428  tcp.o(.text.tcp_slowtmr)
    tcp_split_unsent_seg                     0x08010f79   Thumb Code   480  tcp_out.o(.text.tcp_split_unsent_seg)
    tcp_timer_needed                         0x080111c1   Thumb Code   222  timeouts.o(.text.tcp_timer_needed)
    tcp_tmr                                  0x08011329   Thumb Code    34  tcp.o(.text.tcp_tmr)
    tcp_trigger_input_pcb_close              0x0801134d   Thumb Code    18  tcp_in.o(.text.tcp_trigger_input_pcb_close)
    tcp_update_rcv_ann_wnd                   0x08011361   Thumb Code   124  tcp.o(.text.tcp_update_rcv_ann_wnd)
    tcp_write                                0x08011401   Thumb Code  1796  tcp_out.o(.text.tcp_write)
    tcp_zero_window_probe                    0x08011b8d   Thumb Code   296  tcp_out.o(.text.tcp_zero_window_probe)
    tcpip_init                               0x08011cd9   Thumb Code   124  tcpip.o(.text.tcpip_init)
    tcpip_input                              0x08011dad   Thumb Code   216  tcpip.o(.text.tcpip_input)
    tcpip_try_callback                       0x08012041   Thumb Code   126  tcpip.o(.text.tcpip_try_callback)
    udp_bind                                 0x080120c1   Thumb Code   380  udp.o(.text.udp_bind)
    udp_connect                              0x08012255   Thumb Code   436  udp.o(.text.udp_connect)
    udp_init                                 0x08012441   Thumb Code    22  udp.o(.text.udp_init)
    udp_input                                0x08012459   Thumb Code   540  udp.o(.text.udp_input)
    udp_netif_ip_addr_changed                0x080126ed   Thumb Code   124  udp.o(.text.udp_netif_ip_addr_changed)
    udp_new                                  0x08012769   Thumb Code    38  udp.o(.text.udp_new)
    udp_recv                                 0x08012791   Thumb Code    36  udp.o(.text.udp_recv)
    udp_remove                               0x080127cd   Thumb Code   112  udp.o(.text.udp_remove)
    udp_sendto_if                            0x08012855   Thumb Code   176  udp.o(.text.udp_sendto_if)
    udp_sendto_if_src                        0x0801297d   Thumb Code   704  udp.o(.text.udp_sendto_if_src)
    uxListRemove                             0x08012cb5   Thumb Code    36  list.o(.text.uxListRemove)
    vApplicationGetIdleTaskMemory            0x08012cd9   Thumb Code    26  cmsis_os2.o(.text.vApplicationGetIdleTaskMemory)
    vApplicationGetTimerTaskMemory           0x08012cf5   Thumb Code    28  cmsis_os2.o(.text.vApplicationGetTimerTaskMemory)
    vListInitialise                          0x08012d11   Thumb Code    22  list.o(.text.vListInitialise)
    vListInitialiseItem                      0x08012d29   Thumb Code     6  list.o(.text.vListInitialiseItem)
    vListInsert                              0x08012d31   Thumb Code    98  list.o(.text.vListInsert)
    vListInsertEnd                           0x08012d95   Thumb Code    28  list.o(.text.vListInsertEnd)
    vPortEnterCritical                       0x08012dc5   Thumb Code    70  port.o(.text.vPortEnterCritical)
    vPortExitCritical                        0x08012e0d   Thumb Code    46  port.o(.text.vPortExitCritical)
    vPortFree                                0x08012e3d   Thumb Code   212  heap_4.o(.text.vPortFree)
    vPortSetupTimerInterrupt                 0x08012f11   Thumb Code    52  port.o(.text.vPortSetupTimerInterrupt)
    vPortValidateInterruptPriority           0x08012f45   Thumb Code    94  port.o(.text.vPortValidateInterruptPriority)
    vQueueAddToRegistry                      0x08012fa5   Thumb Code   176  queue.o(.text.vQueueAddToRegistry)
    vQueueDelete                             0x08013055   Thumb Code   168  queue.o(.text.vQueueDelete)
    vQueueWaitForMessageRestricted           0x080130fd   Thumb Code    82  queue.o(.text.vQueueWaitForMessageRestricted)
    vTaskDelay                               0x08013151   Thumb Code   128  tasks.o(.text.vTaskDelay)
    vTaskInternalSetTimeOutState             0x080131d1   Thumb Code    18  tasks.o(.text.vTaskInternalSetTimeOutState)
    vTaskMissedYield                         0x080131e5   Thumb Code    14  tasks.o(.text.vTaskMissedYield)
    vTaskPlaceOnEventList                    0x080131f5   Thumb Code   116  tasks.o(.text.vTaskPlaceOnEventList)
    vTaskPlaceOnEventListRestricted          0x08013269   Thumb Code   122  tasks.o(.text.vTaskPlaceOnEventListRestricted)
    vTaskPriorityDisinheritAfterTimeout      0x080132e5   Thumb Code   162  tasks.o(.text.vTaskPriorityDisinheritAfterTimeout)
    vTaskStartScheduler                      0x08013389   Thumb Code   232  tasks.o(.text.vTaskStartScheduler)
    vTaskSuspendAll                          0x08013479   Thumb Code    16  tasks.o(.text.vTaskSuspendAll)
    vTaskSwitchContext                       0x08013489   Thumb Code   188  tasks.o(.text.vTaskSwitchContext)
    xPortStartScheduler                      0x08013545   Thumb Code   388  port.o(.text.xPortStartScheduler)
    xPortSysTickHandler                      0x080136c9   Thumb Code    46  port.o(.text.xPortSysTickHandler)
    xQueueCreateCountingSemaphore            0x080136f9   Thumb Code    68  queue.o(.text.xQueueCreateCountingSemaphore)
    xQueueCreateCountingSemaphoreStatic      0x0801373d   Thumb Code   194  queue.o(.text.xQueueCreateCountingSemaphoreStatic)
    xQueueCreateMutex                        0x08013801   Thumb Code   112  queue.o(.text.xQueueCreateMutex)
    xQueueCreateMutexStatic                  0x08013871   Thumb Code   162  queue.o(.text.xQueueCreateMutexStatic)
    xQueueGenericCreate                      0x08013915   Thumb Code   134  queue.o(.text.xQueueGenericCreate)
    xQueueGenericCreateStatic                0x0801399d   Thumb Code   222  queue.o(.text.xQueueGenericCreateStatic)
    xQueueGenericSend                        0x08013a7d   Thumb Code   554  queue.o(.text.xQueueGenericSend)
    xQueueGenericSendFromISR                 0x08013ca9   Thumb Code   344  queue.o(.text.xQueueGenericSendFromISR)
    xQueueGiveFromISR                        0x08013e01   Thumb Code   200  queue.o(.text.xQueueGiveFromISR)
    xQueueGiveMutexRecursive                 0x08013ec9   Thumb Code    66  queue.o(.text.xQueueGiveMutexRecursive)
    xQueueReceive                            0x08013f0d   Thumb Code   418  queue.o(.text.xQueueReceive)
    xQueueReceiveFromISR                     0x080140b1   Thumb Code   228  queue.o(.text.xQueueReceiveFromISR)
    xQueueSemaphoreTake                      0x08014195   Thumb Code   474  queue.o(.text.xQueueSemaphoreTake)
    xQueueTakeMutexRecursive                 0x08014371   Thumb Code    72  queue.o(.text.xQueueTakeMutexRecursive)
    xTaskCheckForTimeOut                     0x080143b9   Thumb Code   162  tasks.o(.text.xTaskCheckForTimeOut)
    xTaskCreate                              0x0801445d   Thumb Code    96  tasks.o(.text.xTaskCreate)
    xTaskCreateStatic                        0x080144bd   Thumb Code   118  tasks.o(.text.xTaskCreateStatic)
    xTaskGetCurrentTaskHandle                0x08014535   Thumb Code    12  tasks.o(.text.xTaskGetCurrentTaskHandle)
    xTaskGetSchedulerState                   0x08014541   Thumb Code    30  tasks.o(.text.xTaskGetSchedulerState)
    xTaskGetTickCount                        0x08014561   Thumb Code    12  tasks.o(.text.xTaskGetTickCount)
    xTaskGetTickCountFromISR                 0x0801456d   Thumb Code    18  tasks.o(.text.xTaskGetTickCountFromISR)
    xTaskIncrementTick                       0x08014581   Thumb Code   260  tasks.o(.text.xTaskIncrementTick)
    xTaskPriorityDisinherit                  0x08014685   Thumb Code   138  tasks.o(.text.xTaskPriorityDisinherit)
    xTaskPriorityInherit                     0x08014711   Thumb Code   146  tasks.o(.text.xTaskPriorityInherit)
    xTaskRemoveFromEventList                 0x080147a5   Thumb Code   114  tasks.o(.text.xTaskRemoveFromEventList)
    xTaskResumeAll                           0x08014819   Thumb Code   238  tasks.o(.text.xTaskResumeAll)
    xTimerCreateTimerTask                    0x08014909   Thumb Code   172  timers.o(.text.xTimerCreateTimerTask)
    __0printf$3                              0x080149bd   Thumb Code    22  printf3.o(i.__0printf$3)
    __1printf$3                              0x080149bd   Thumb Code     0  printf3.o(i.__0printf$3)
    __2printf                                0x080149bd   Thumb Code     0  printf3.o(i.__0printf$3)
    __0snprintf$3                            0x080149dd   Thumb Code    48  printf3.o(i.__0snprintf$3)
    __1snprintf$3                            0x080149dd   Thumb Code     0  printf3.o(i.__0snprintf$3)
    __2snprintf                              0x080149dd   Thumb Code     0  printf3.o(i.__0snprintf$3)
    __scatterload_copy                       0x08014a11   Thumb Code    14  handlers.o(i.__scatterload_copy)
    __scatterload_null                       0x08014a1f   Thumb Code     2  handlers.o(i.__scatterload_null)
    __scatterload_zeroinit                   0x08014a21   Thumb Code    14  handlers.o(i.__scatterload_zeroinit)
    puts                                     0x08014c01   Thumb Code    30  puts.o(i.puts)
    AHBPrescTable                            0x08014c24   Data          16  system_stm32f4xx.o(.rodata.AHBPrescTable)
    APBPrescTable                            0x08014c34   Data           8  system_stm32f4xx.o(.rodata.APBPrescTable)
    defaultTask_attributes                   0x08014c3c   Data          36  freertos.o(.rodata.defaultTask_attributes)
    ethbroadcast                             0x08014c60   Data           6  ethernet.o(.rodata.ethbroadcast)
    ethzero                                  0x08014c66   Data           6  ethernet.o(.rodata.ethzero)
    ip_addr_any                              0x08014c6c   Data           4  ip4_addr.o(.rodata.ip_addr_any)
    ip_addr_broadcast                        0x08014c70   Data           4  ip4_addr.o(.rodata.ip_addr_broadcast)
    lwip_cyclic_timers                       0x08014c74   Data          40  timeouts.o(.rodata.lwip_cyclic_timers)
    memp_FRAG_PBUF                           0x08014c9c   Data          12  memp.o(.rodata.memp_FRAG_PBUF)
    memp_NETBUF                              0x08014ca8   Data          12  memp.o(.rodata.memp_NETBUF)
    memp_NETCONN                             0x08014cb4   Data          12  memp.o(.rodata.memp_NETCONN)
    memp_PBUF                                0x08014cc0   Data          12  memp.o(.rodata.memp_PBUF)
    memp_PBUF_POOL                           0x08014ccc   Data          12  memp.o(.rodata.memp_PBUF_POOL)
    memp_REASSDATA                           0x08014cd8   Data          12  memp.o(.rodata.memp_REASSDATA)
    memp_RX_POOL                             0x08014ce4   Data          12  ethernetif.o(.rodata.memp_RX_POOL)
    memp_SYS_TIMEOUT                         0x08014cf0   Data          12  memp.o(.rodata.memp_SYS_TIMEOUT)
    memp_TCPIP_MSG_API                       0x08014cfc   Data          12  memp.o(.rodata.memp_TCPIP_MSG_API)
    memp_TCPIP_MSG_INPKT                     0x08014d08   Data          12  memp.o(.rodata.memp_TCPIP_MSG_INPKT)
    memp_TCP_PCB                             0x08014d14   Data          12  memp.o(.rodata.memp_TCP_PCB)
    memp_TCP_PCB_LISTEN                      0x08014d20   Data          12  memp.o(.rodata.memp_TCP_PCB_LISTEN)
    memp_TCP_SEG                             0x08014d2c   Data          12  memp.o(.rodata.memp_TCP_SEG)
    memp_UDP_PCB                             0x08014d38   Data          12  memp.o(.rodata.memp_UDP_PCB)
    memp_pools                               0x08014d44   Data          52  memp.o(.rodata.memp_pools)
    Region$$Table$$Base                      0x08015e28   Number         0  anon$$obj.o(Region$$Table)
    Region$$Table$$Limit                     0x08015e48   Number         0  anon$$obj.o(Region$$Table)
    __stdout                                 0x20000004   Data           4  stdout.o(.data)
    uwTickFreq                               0x20000008   Data           1  stm32f4xx_hal.o(.data..L_MergedGlobals)
    uwTickPrio                               0x2000000c   Data           4  stm32f4xx_hal.o(.data..L_MergedGlobals)
    LAN8742_IOCtx                            0x20000018   Data          20  ethernetif.o(.data.LAN8742_IOCtx)
    SystemCoreClock                          0x2000002c   Data           4  system_stm32f4xx.o(.data.SystemCoreClock)
    mqttClient                               0x2000003c   Data           4  main.o(.bss..L_MergedGlobals)
    xSemMqttReconnect                        0x20000040   Data           4  main.o(.bss..L_MergedGlobals)
    queueSwitch                              0x20000044   Data           4  main.o(.bss..L_MergedGlobals)
    handleMQTT                               0x20000048   Data           4  main.o(.bss..L_MergedGlobals)
    handleControl                            0x2000004c   Data           4  main.o(.bss..L_MergedGlobals)
    handlePublish                            0x20000050   Data           4  main.o(.bss..L_MergedGlobals)
    RxPktSemaphore                           0x20000058   Data           4  ethernetif.o(.bss..L_MergedGlobals)
    TxPktSemaphore                           0x2000005c   Data           4  ethernetif.o(.bss..L_MergedGlobals)
    LAN8742                                  0x20000060   Data          32  ethernetif.o(.bss..L_MergedGlobals)
    TxConfig                                 0x20000080   Data          56  ethernetif.o(.bss..L_MergedGlobals)
    ipaddr                                   0x200000b8   Data           4  lwip.o(.bss..L_MergedGlobals)
    netmask                                  0x200000bc   Data           4  lwip.o(.bss..L_MergedGlobals)
    gw                                       0x200000c0   Data           4  lwip.o(.bss..L_MergedGlobals)
    attributes                               0x200000c4   Data          36  lwip.o(.bss..L_MergedGlobals)
    gnetif                                   0x200000e8   Data          56  lwip.o(.bss..L_MergedGlobals)
    pxCurrentTCB                             0x20000120   Data           4  tasks.o(.bss..L_MergedGlobals)
    lock_tcpip_core                          0x20000200   Data           4  tcpip.o(.bss..L_MergedGlobals)
    netif_list                               0x20000254   Data           4  netif.o(.bss..L_MergedGlobals)
    netif_default                            0x20000258   Data           4  netif.o(.bss..L_MergedGlobals)
    tcp_input_pcb                            0x2000027c   Data           4  tcp_in.o(.bss..L_MergedGlobals)
    dhcp_rx_options_given                    0x200002a8   Data           8  dhcp.o(.bss..L_MergedGlobals)
    dhcp_rx_options_val                      0x200002b0   Data          32  dhcp.o(.bss..L_MergedGlobals)
    tcp_active_pcbs_changed                  0x20000300   Data           1  tcp.o(.bss..L_MergedGlobals.65)
    tcp_listen_pcbs                          0x20000304   Data           4  tcp.o(.bss..L_MergedGlobals.65)
    tcp_bound_pcbs                           0x20000308   Data           4  tcp.o(.bss..L_MergedGlobals.65)
    tcp_active_pcbs                          0x2000030c   Data           4  tcp.o(.bss..L_MergedGlobals.65)
    tcp_tw_pcbs                              0x20000310   Data           4  tcp.o(.bss..L_MergedGlobals.65)
    tcp_ticks                                0x20000314   Data           4  tcp.o(.bss..L_MergedGlobals.65)
    DMARxDscrTab                             0x20000318   Data         160  ethernetif.o(.bss.DMARxDscrTab)
    DMATxDscrTab                             0x200003b8   Data         160  ethernetif.o(.bss.DMATxDscrTab)
    defaultTaskHandle                        0x2000054c   Data           4  freertos.o(.bss.defaultTaskHandle)
    heth                                     0x20000558   Data         176  ethernetif.o(.bss.heth)
    htim1                                    0x20000608   Data          72  stm32f4xx_hal_timebase_tim.o(.bss.htim1)
    huart3                                   0x20000650   Data          68  usart.o(.bss.huart3)
    ip_data                                  0x20000694   Data          24  ip.o(.bss.ip_data)
    lwip_sys_mutex                           0x200006b0   Data           4  sys_arch.o(.bss.lwip_sys_mutex)
    memp_memory_FRAG_PBUF_base               0x200006b4   Data         363  memp.o(.bss.memp_memory_FRAG_PBUF_base)
    memp_memory_NETBUF_base                  0x2000081f   Data          35  memp.o(.bss.memp_memory_NETBUF_base)
    memp_memory_NETCONN_base                 0x20000842   Data         163  memp.o(.bss.memp_memory_NETCONN_base)
    memp_memory_PBUF_POOL_base               0x200008e5   Data        9731  memp.o(.bss.memp_memory_PBUF_POOL_base)
    memp_memory_PBUF_base                    0x20002ee8   Data         259  memp.o(.bss.memp_memory_PBUF_base)
    memp_memory_REASSDATA_base               0x20002feb   Data         163  memp.o(.bss.memp_memory_REASSDATA_base)
    memp_memory_RX_POOL_base                 0x2000308e   Data       18819  ethernetif.o(.bss.memp_memory_RX_POOL_base)
    memp_memory_SYS_TIMEOUT_base             0x20007a11   Data         211  memp.o(.bss.memp_memory_SYS_TIMEOUT_base)
    memp_memory_TCPIP_MSG_API_base           0x20007ae4   Data         131  memp.o(.bss.memp_memory_TCPIP_MSG_API_base)
    memp_memory_TCPIP_MSG_INPKT_base         0x20007b67   Data         131  memp.o(.bss.memp_memory_TCPIP_MSG_INPKT_base)
    memp_memory_TCP_PCB_LISTEN_base          0x20007bea   Data         227  memp.o(.bss.memp_memory_TCP_PCB_LISTEN_base)
    memp_memory_TCP_PCB_base                 0x20007ccd   Data         783  memp.o(.bss.memp_memory_TCP_PCB_base)
    memp_memory_TCP_SEG_base                 0x20007fdc   Data         259  memp.o(.bss.memp_memory_TCP_SEG_base)
    memp_memory_UDP_PCB_base                 0x200080df   Data         131  memp.o(.bss.memp_memory_UDP_PCB_base)
    pbuf_free_ooseq_pending                  0x20008168   Data           1  pbuf.o(.bss.pbuf_free_ooseq_pending)
    ram_heap                                 0x200086bc   Data       10259  mem.o(.bss.ram_heap)
    udp_pcbs                                 0x200111e0   Data           4  udp.o(.bss.udp_pcbs)
    uwTick                                   0x200111e4   Data           4  stm32f4xx_hal.o(.bss.uwTick)
    xQueueRegistry                           0x200118a0   Data          64  queue.o(.bss.xQueueRegistry)
    __initial_sp                             0x20011ce0   Data           0  startup_stm32f429xx.o(STACK)



==============================================================================

Memory Map of the image

  Image Entry point : 0x080001ad

  Load Region LR_IROM1 (Base: 0x08000000, Size: 0x00015e80, Max: 0x00200000, ABSOLUTE)

    Execution Region ER_IROM1 (Exec base: 0x08000000, Load base: 0x08000000, Size: 0x00015e48, Max: 0x00200000, ABSOLUTE)

    Exec Addr    Load Addr    Size         Type   Attr      Idx    E Section Name        Object

    0x08000000   0x08000000   0x000001ac   Data   RO            3    RESET               startup_stm32f429xx.o
    0x080001ac   0x080001ac   0x00000000   Code   RO         2916  * .ARM.Collect$$$$00000000  mc_w.l(entry.o)
    0x080001ac   0x080001ac   0x00000004   Code   RO         3235    .ARM.Collect$$$$00000001  mc_w.l(entry2.o)
    0x080001b0   0x080001b0   0x00000004   Code   RO         3238    .ARM.Collect$$$$00000004  mc_w.l(entry5.o)
    0x080001b4   0x080001b4   0x00000000   Code   RO         3240    .ARM.Collect$$$$00000008  mc_w.l(entry7b.o)
    0x080001b4   0x080001b4   0x00000000   Code   RO         3242    .ARM.Collect$$$$0000000A  mc_w.l(entry8b.o)
    0x080001b4   0x080001b4   0x00000008   Code   RO         3243    .ARM.Collect$$$$0000000B  mc_w.l(entry9a.o)
    0x080001bc   0x080001bc   0x00000000   Code   RO         3245    .ARM.Collect$$$$0000000D  mc_w.l(entry10a.o)
    0x080001bc   0x080001bc   0x00000000   Code   RO         3247    .ARM.Collect$$$$0000000F  mc_w.l(entry11a.o)
    0x080001bc   0x080001bc   0x00000004   Code   RO         3236    .ARM.Collect$$$$00002712  mc_w.l(entry2.o)
    0x080001c0   0x080001c0   0x00000024   Code   RO            4    .text               startup_stm32f429xx.o
    0x080001e4   0x080001e4   0x00000062   Code   RO         2923    .text               mc_w.l(uldiv.o)
    0x08000246   0x08000246   0x00000002   PAD
    0x08000248   0x08000248   0x00000024   Code   RO         2953    .text               mc_w.l(rand.o)
    0x0800026c   0x0800026c   0x00000040   Code   RO         2958    .text               mc_w.l(memmovea.o)
    0x080002ac   0x080002ac   0x00000024   Code   RO         2960    .text               mc_w.l(memseta.o)
    0x080002d0   0x080002d0   0x0000000e   Code   RO         2962    .text               mc_w.l(strlen.o)
    0x080002de   0x080002de   0x0000001a   Code   RO         2964    .text               mc_w.l(memcmp.o)
    0x080002f8   0x080002f8   0x0000002c   Code   RO         3259    .text               mc_w.l(uidiv.o)
    0x08000324   0x08000324   0x0000001e   Code   RO         3261    .text               mc_w.l(llshl.o)
    0x08000342   0x08000342   0x00000020   Code   RO         3263    .text               mc_w.l(llushr.o)
    0x08000362   0x08000362   0x00000002   PAD
    0x08000364   0x08000364   0x00000024   Code   RO         3285    .text               mc_w.l(init.o)
    0x08000388   0x08000388   0x00000002   Code   RO           88    .text.BusFault_Handler  stm32f4xx_it.o
    0x0800038a   0x0800038a   0x00000002   PAD
    0x0800038c   0x0800038c   0x00000002   Code   RO           92    .text.DebugMon_Handler  stm32f4xx_it.o
    0x0800038e   0x0800038e   0x00000002   PAD
    0x08000390   0x08000390   0x0000000c   Code   RO           98    .text.ETH_IRQHandler  stm32f4xx_it.o
    0x0800039c   0x0800039c   0x00000004   Code   RO          133    .text.ETH_PHY_IO_DeInit  ethernetif.o
    0x080003a0   0x080003a0   0x00000004   Code   RO          139    .text.ETH_PHY_IO_GetTick  ethernetif.o
    0x080003a4   0x080003a4   0x00000012   Code   RO          131    .text.ETH_PHY_IO_Init  ethernetif.o
    0x080003b6   0x080003b6   0x00000002   PAD
    0x080003b8   0x080003b8   0x0000001e   Code   RO          137    .text.ETH_PHY_IO_ReadReg  ethernetif.o
    0x080003d6   0x080003d6   0x00000002   PAD
    0x080003d8   0x080003d8   0x0000001e   Code   RO          135    .text.ETH_PHY_IO_WriteReg  ethernetif.o
    0x080003f6   0x080003f6   0x00000002   PAD
    0x080003f8   0x080003f8   0x00000272   Code   RO          654    .text.ETH_Prepare_Tx_Descriptors  stm32f4xx_hal_eth.o
    0x0800066a   0x0800066a   0x00000002   PAD
    0x0800066c   0x0800066c   0x00000006   Code   RO           94    .text.EXTI3_IRQHandler  stm32f4xx_it.o
    0x08000672   0x08000672   0x00000002   PAD
    0x08000674   0x08000674   0x0000000a   Code   RO           27    .text.Error_Handler  main.o
    0x0800067e   0x0800067e   0x00000002   PAD
    0x08000680   0x08000680   0x00000028   Code   RO          562    .text.HAL_Delay     stm32f4xx_hal.o
    0x080006a8   0x080006a8   0x0000001e   Code   RO          145    .text.HAL_ETH_ErrorCallback  ethernetif.o
    0x080006c6   0x080006c6   0x00000002   PAD
    0x080006c8   0x080006c8   0x00000006   Code   RO          728    .text.HAL_ETH_GetDMAError  stm32f4xx_hal_eth.o
    0x080006ce   0x080006ce   0x00000002   PAD
    0x080006d0   0x080006d0   0x000000b6   Code   RO          698    .text.HAL_ETH_GetMACConfig  stm32f4xx_hal_eth.o
    0x08000786   0x08000786   0x00000002   PAD
    0x08000788   0x08000788   0x000000d8   Code   RO          682    .text.HAL_ETH_IRQHandler  stm32f4xx_hal_eth.o
    0x08000860   0x08000860   0x0000025e   Code   RO          636    .text.HAL_ETH_Init  stm32f4xx_hal_eth.o
    0x08000abe   0x08000abe   0x00000002   PAD
    0x08000ac0   0x08000ac0   0x00000136   Code   RO          157    .text.HAL_ETH_MspInit  ethernetif.o
    0x08000bf6   0x08000bf6   0x00000002   PAD
    0x08000bf8   0x08000bf8   0x00000002   Code   RO          690    .text.HAL_ETH_PMTCallback  stm32f4xx_hal_eth.o
    0x08000bfa   0x08000bfa   0x00000002   PAD
    0x08000bfc   0x08000bfc   0x000001a8   Code   RO          658    .text.HAL_ETH_ReadData  stm32f4xx_hal_eth.o
    0x08000da4   0x08000da4   0x00000052   Code   RO          694    .text.HAL_ETH_ReadPHYRegister  stm32f4xx_hal_eth.o
    0x08000df6   0x08000df6   0x00000002   PAD
    0x08000df8   0x08000df8   0x00000062   Code   RO          680    .text.HAL_ETH_ReleaseTxPacket  stm32f4xx_hal_eth.o
    0x08000e5a   0x08000e5a   0x00000002   PAD
    0x08000e5c   0x08000e5c   0x00000050   Code   RO          163    .text.HAL_ETH_RxAllocateCallback  ethernetif.o
    0x08000eac   0x08000eac   0x0000000e   Code   RO          141    .text.HAL_ETH_RxCpltCallback  ethernetif.o
    0x08000eba   0x08000eba   0x00000002   PAD
    0x08000ebc   0x08000ebc   0x0000005c   Code   RO          165    .text.HAL_ETH_RxLinkCallback  ethernetif.o
    0x08000f18   0x08000f18   0x000000e4   Code   RO          702    .text.HAL_ETH_SetMACConfig  stm32f4xx_hal_eth.o
    0x08000ffc   0x08000ffc   0x0000008a   Code   RO          706    .text.HAL_ETH_SetMDIOClockRange  stm32f4xx_hal_eth.o
    0x08001086   0x08001086   0x00000002   PAD
    0x08001088   0x08001088   0x00000212   Code   RO          646    .text.HAL_ETH_Start_IT  stm32f4xx_hal_eth.o
    0x0800129a   0x0800129a   0x00000002   PAD
    0x0800129c   0x0800129c   0x000000bc   Code   RO          650    .text.HAL_ETH_Stop_IT  stm32f4xx_hal_eth.o
    0x08001358   0x08001358   0x0000006a   Code   RO          656    .text.HAL_ETH_Transmit_IT  stm32f4xx_hal_eth.o
    0x080013c2   0x080013c2   0x00000002   PAD
    0x080013c4   0x080013c4   0x0000000e   Code   RO          143    .text.HAL_ETH_TxCpltCallback  ethernetif.o
    0x080013d2   0x080013d2   0x00000002   PAD
    0x080013d4   0x080013d4   0x00000004   Code   RO          167    .text.HAL_ETH_TxFreeCallback  ethernetif.o
    0x080013d8   0x080013d8   0x00000002   Code   RO          692    .text.HAL_ETH_WakeUpCallback  stm32f4xx_hal_eth.o
    0x080013da   0x080013da   0x00000002   PAD
    0x080013dc   0x080013dc   0x00000048   Code   RO          696    .text.HAL_ETH_WritePHYRegister  stm32f4xx_hal_eth.o
    0x08001424   0x08001424   0x0000003a   Code   RO           21    .text.HAL_GPIO_EXTI_Callback  main.o
    0x0800145e   0x0800145e   0x00000002   PAD
    0x08001460   0x08001460   0x00000016   Code   RO          369    .text.HAL_GPIO_EXTI_IRQHandler  stm32f4xx_hal_gpio.o
    0x08001476   0x08001476   0x00000002   PAD
    0x08001478   0x08001478   0x000001a6   Code   RO          357    .text.HAL_GPIO_Init  stm32f4xx_hal_gpio.o
    0x0800161e   0x0800161e   0x00000002   PAD
    0x08001620   0x08001620   0x0000000a   Code   RO          361    .text.HAL_GPIO_ReadPin  stm32f4xx_hal_gpio.o
    0x0800162a   0x0800162a   0x00000002   PAD
    0x0800162c   0x0800162c   0x0000000a   Code   RO          363    .text.HAL_GPIO_WritePin  stm32f4xx_hal_gpio.o
    0x08001636   0x08001636   0x00000002   PAD
    0x08001638   0x08001638   0x0000000c   Code   RO          554    .text.HAL_GetTick   stm32f4xx_hal.o
    0x08001644   0x08001644   0x0000001a   Code   RO          552    .text.HAL_IncTick   stm32f4xx_hal.o
    0x0800165e   0x0800165e   0x00000002   PAD
    0x08001660   0x08001660   0x00000036   Code   RO          542    .text.HAL_Init      stm32f4xx_hal.o
    0x08001696   0x08001696   0x00000002   PAD
    0x08001698   0x08001698   0x000000b4   Code   RO          116    .text.HAL_InitTick  stm32f4xx_hal_timebase_tim.o
    0x0800174c   0x0800174c   0x00000042   Code   RO          107    .text.HAL_MspInit   stm32f4xx_hal_msp.o
    0x0800178e   0x0800178e   0x00000002   PAD
    0x08001790   0x08001790   0x00000026   Code   RO          500    .text.HAL_NVIC_EnableIRQ  stm32f4xx_hal_cortex.o
    0x080017b6   0x080017b6   0x00000002   PAD
    0x080017b8   0x080017b8   0x00000056   Code   RO          498    .text.HAL_NVIC_SetPriority  stm32f4xx_hal_cortex.o
    0x0800180e   0x0800180e   0x00000002   PAD
    0x08001810   0x08001810   0x00000020   Code   RO          496    .text.HAL_NVIC_SetPriorityGrouping  stm32f4xx_hal_cortex.o
    0x08001830   0x08001830   0x00000160   Code   RO          237    .text.HAL_RCC_ClockConfig  stm32f4xx_hal_rcc.o
    0x08001990   0x08001990   0x0000003e   Code   RO          255    .text.HAL_RCC_GetClockConfig  stm32f4xx_hal_rcc.o
    0x080019ce   0x080019ce   0x00000002   PAD
    0x080019d0   0x080019d0   0x0000000c   Code   RO          247    .text.HAL_RCC_GetHCLKFreq  stm32f4xx_hal_rcc.o
    0x080019dc   0x080019dc   0x00000026   Code   RO          249    .text.HAL_RCC_GetPCLK1Freq  stm32f4xx_hal_rcc.o
    0x08001a02   0x08001a02   0x00000002   PAD
    0x08001a04   0x08001a04   0x00000026   Code   RO          251    .text.HAL_RCC_GetPCLK2Freq  stm32f4xx_hal_rcc.o
    0x08001a2a   0x08001a2a   0x00000002   PAD
    0x08001a2c   0x08001a2c   0x0000006c   Code   RO          239    .text.HAL_RCC_GetSysClockFreq  stm32f4xx_hal_rcc.o
    0x08001a98   0x08001a98   0x00000374   Code   RO          235    .text.HAL_RCC_OscConfig  stm32f4xx_hal_rcc.o
    0x08001e0c   0x08001e0c   0x00000002   Code   RO         1047    .text.HAL_TIMEx_BreakCallback  stm32f4xx_hal_tim_ex.o
    0x08001e0e   0x08001e0e   0x00000002   PAD
    0x08001e10   0x08001e10   0x00000002   Code   RO         1043    .text.HAL_TIMEx_CommutCallback  stm32f4xx_hal_tim_ex.o
    0x08001e12   0x08001e12   0x00000002   PAD
    0x08001e14   0x08001e14   0x0000005a   Code   RO          742    .text.HAL_TIM_Base_Init  stm32f4xx_hal_tim.o
    0x08001e6e   0x08001e6e   0x00000002   PAD
    0x08001e70   0x08001e70   0x00000002   Code   RO          744    .text.HAL_TIM_Base_MspInit  stm32f4xx_hal_tim.o
    0x08001e72   0x08001e72   0x00000002   PAD
    0x08001e74   0x08001e74   0x000000aa   Code   RO          756    .text.HAL_TIM_Base_Start_IT  stm32f4xx_hal_tim.o
    0x08001f1e   0x08001f1e   0x00000002   PAD
    0x08001f20   0x08001f20   0x00000002   Code   RO          878    .text.HAL_TIM_IC_CaptureCallback  stm32f4xx_hal_tim.o
    0x08001f22   0x08001f22   0x00000002   PAD
    0x08001f24   0x08001f24   0x00000170   Code   RO          876    .text.HAL_TIM_IRQHandler  stm32f4xx_hal_tim.o
    0x08002094   0x08002094   0x00000002   Code   RO          880    .text.HAL_TIM_OC_DelayElapsedCallback  stm32f4xx_hal_tim.o
    0x08002096   0x08002096   0x00000002   PAD
    0x08002098   0x08002098   0x00000002   Code   RO          882    .text.HAL_TIM_PWM_PulseFinishedCallback  stm32f4xx_hal_tim.o
    0x0800209a   0x0800209a   0x00000002   PAD
    0x0800209c   0x0800209c   0x00000012   Code   RO           29    .text.HAL_TIM_PeriodElapsedCallback  main.o
    0x080020ae   0x080020ae   0x00000002   PAD
    0x080020b0   0x080020b0   0x00000002   Code   RO          886    .text.HAL_TIM_TriggerCallback  stm32f4xx_hal_tim.o
    0x080020b2   0x080020b2   0x00000002   PAD
    0x080020b4   0x080020b4   0x0000005e   Code   RO         1061    .text.HAL_UART_Init  stm32f4xx_hal_uart.o
    0x08002112   0x08002112   0x00000002   PAD
    0x08002114   0x08002114   0x0000006c   Code   RO           67    .text.HAL_UART_MspInit  usart.o
    0x08002180   0x08002180   0x00000002   Code   RO           84    .text.HardFault_Handler  stm32f4xx_it.o
    0x08002182   0x08002182   0x00000002   PAD
    0x08002184   0x08002184   0x000000ae   Code   RO          209    .text.LAN8742_GetLinkState  lan8742.o
    0x08002232   0x08002232   0x00000002   PAD
    0x08002234   0x08002234   0x000000e6   Code   RO          199    .text.LAN8742_Init  lan8742.o
    0x0800231a   0x0800231a   0x00000002   PAD
    0x0800231c   0x0800231c   0x00000032   Code   RO          197    .text.LAN8742_RegisterBusIO  lan8742.o
    0x0800234e   0x0800234e   0x00000002   PAD
    0x08002350   0x08002350   0x00000024   Code   RO           51    .text.MX_FREERTOS_Init  freertos.o
    0x08002374   0x08002374   0x000000f0   Code   RO           42    .text.MX_GPIO_Init  gpio.o
    0x08002464   0x08002464   0x000000b8   Code   RO          185    .text.MX_LWIP_Init  lwip.o
    0x0800251c   0x0800251c   0x0000003c   Code   RO           65    .text.MX_USART3_UART_Init  usart.o
    0x08002558   0x08002558   0x00000002   Code   RO           86    .text.MemManage_Handler  stm32f4xx_it.o
    0x0800255a   0x0800255a   0x00000002   PAD
    0x0800255c   0x0800255c   0x00000002   Code   RO           82    .text.NMI_Handler   stm32f4xx_it.o
    0x0800255e   0x0800255e   0x00000002   PAD
    0x08002560   0x08002560   0x00000064   Code   RO         1750    .text.PendSV_Handler  port.o
    0x080025c4   0x080025c4   0x0000000c   PAD
    0x080025d0   0x080025d0   0x00000024   Code   RO         1734    .text.SVC_Handler   port.o
    0x080025f4   0x080025f4   0x0000000c   Code   RO           53    .text.StartDefaultTask  freertos.o
    0x08002600   0x08002600   0x0000001e   Code   RO         1545    .text.SysTick_Handler  cmsis_os2.o
    0x0800261e   0x0800261e   0x00000002   PAD
    0x08002620   0x08002620   0x000000b0   Code   RO           25    .text.SystemClock_Config  main.o
    0x080026d0   0x080026d0   0x00000012   Code   RO         1181    .text.SystemInit    system_stm32f4xx.o
    0x080026e2   0x080026e2   0x00000002   PAD
    0x080026e4   0x080026e4   0x0000000c   Code   RO           96    .text.TIM1_UP_TIM10_IRQHandler  stm32f4xx_it.o
    0x080026f0   0x080026f0   0x0000013c   Code   RO          746    .text.TIM_Base_SetConfig  stm32f4xx_hal_tim.o
    0x0800282c   0x0800282c   0x000000ee   Code   RO         1065    .text.UART_SetConfig  stm32f4xx_hal_uart.o
    0x0800291a   0x0800291a   0x00000002   PAD
    0x0800291c   0x0800291c   0x00000002   Code   RO           90    .text.UsageFault_Handler  stm32f4xx_it.o
    0x0800291e   0x0800291e   0x00000002   PAD
    0x08002920   0x08002920   0x00000174   Code   RO         2656    .text.dhcp_arp_reply  dhcp.o
    0x08002a94   0x08002a94   0x0000016c   Code   RO         2670    .text.dhcp_bind     dhcp.o
    0x08002c00   0x08002c00   0x0000002e   Code   RO         2668    .text.dhcp_check    dhcp.o
    0x08002c2e   0x08002c2e   0x00000002   PAD
    0x08002c30   0x08002c30   0x000002f6   Code   RO         2632    .text.dhcp_coarse_tmr  dhcp.o
    0x08002f26   0x08002f26   0x00000002   PAD
    0x08002f28   0x08002f28   0x000001d4   Code   RO         2650    .text.dhcp_create_msg  dhcp.o
    0x080030fc   0x080030fc   0x00000224   Code   RO         2646    .text.dhcp_discover  dhcp.o
    0x08003320   0x08003320   0x000000b4   Code   RO         2638    .text.dhcp_fine_tmr  dhcp.o
    0x080033d4   0x080033d4   0x0000006e   Code   RO         2674    .text.dhcp_handle_ack  dhcp.o
    0x08003442   0x08003442   0x00000002   PAD
    0x08003444   0x08003444   0x00000032   Code   RO         2676    .text.dhcp_handle_nak  dhcp.o
    0x08003476   0x08003476   0x00000002   PAD
    0x08003478   0x08003478   0x00000032   Code   RO         2678    .text.dhcp_handle_offer  dhcp.o
    0x080034aa   0x080034aa   0x00000002   PAD
    0x080034ac   0x080034ac   0x000000a0   Code   RO         2644    .text.dhcp_inc_pcb_refcount  dhcp.o
    0x0800354c   0x0800354c   0x0000006c   Code   RO         2652    .text.dhcp_network_changed  dhcp.o
    0x080035b8   0x080035b8   0x000002a4   Code   RO         2654    .text.dhcp_reboot   dhcp.o
    0x0800385c   0x0800385c   0x000005cc   Code   RO         2672    .text.dhcp_recv     dhcp.o
    0x08003e28   0x08003e28   0x000001b4   Code   RO         2634    .text.dhcp_release_and_stop  dhcp.o
    0x08003fdc   0x08003fdc   0x00000218   Code   RO         2658    .text.dhcp_renew    dhcp.o
    0x080041f4   0x080041f4   0x000003d0   Code   RO         2666    .text.dhcp_select   dhcp.o
    0x080045c4   0x080045c4   0x0000011c   Code   RO         2636    .text.dhcp_start    dhcp.o
    0x080046e0   0x080046e0   0x00000152   Code   RO         2695    .text.etharp_cleanup_netif  etharp.o
    0x08004832   0x08004832   0x00000002   PAD
    0x08004834   0x08004834   0x000007c4   Code   RO         2699    .text.etharp_find_entry  etharp.o
    0x08004ff8   0x08004ff8   0x00000188   Code   RO         2703    .text.etharp_input  etharp.o
    0x08005180   0x08005180   0x00000268   Code   RO         2707    .text.etharp_output  etharp.o
    0x080053e8   0x080053e8   0x000000f4   Code   RO         2709    .text.etharp_output_to_arp_index  etharp.o
    0x080054dc   0x080054dc   0x000001f4   Code   RO         2711    .text.etharp_query  etharp.o
    0x080056d0   0x080056d0   0x00000134   Code   RO         2705    .text.etharp_raw    etharp.o
    0x08005804   0x08005804   0x00000032   Code   RO         2693    .text.etharp_request  etharp.o
    0x08005836   0x08005836   0x00000002   PAD
    0x08005838   0x08005838   0x000000b2   Code   RO         2691    .text.etharp_tmr    etharp.o
    0x080058ea   0x080058ea   0x00000002   PAD
    0x080058ec   0x080058ec   0x0000009c   Code   RO         1808    .text.ethernet_input  ethernet.o
    0x08005988   0x08005988   0x00000002   Code   RO          187    .text.ethernet_link_status_updated  lwip.o
    0x0800598a   0x0800598a   0x00000002   PAD
    0x0800598c   0x0800598c   0x000000d8   Code   RO          161    .text.ethernet_link_thread  ethernetif.o
    0x08005a64   0x08005a64   0x000000d8   Code   RO         1810    .text.ethernet_output  ethernet.o
    0x08005b3c   0x08005b3c   0x00000244   Code   RO          149    .text.ethernetif_init  ethernetif.o
    0x08005d80   0x08005d80   0x00000054   Code   RO          147    .text.ethernetif_input  ethernetif.o
    0x08005dd4   0x08005dd4   0x00000028   Code   RO           71    .text.fputc         usart.o
    0x08005dfc   0x08005dfc   0x00000008   Code   RO         2726    .text.icmp_dest_unreach  icmp.o
    0x08005e04   0x08005e04   0x000001dc   Code   RO         2724    .text.icmp_input    icmp.o
    0x08005fe0   0x08005fe0   0x000000b4   Code   RO         2728    .text.icmp_send_response  icmp.o
    0x08006094   0x08006094   0x00000008   Code   RO         2730    .text.icmp_time_exceeded  icmp.o
    0x0800609c   0x0800609c   0x00000034   Code   RO         2762    .text.ip4_addr_isbroadcast_u32  ip4_addr.o
    0x080060d0   0x080060d0   0x0000025c   Code   RO         2791    .text.ip4_frag      ip4_frag.o
    0x0800632c   0x0800632c   0x000001e0   Code   RO         2744    .text.ip4_input     ip4.o
    0x0800650c   0x0800650c   0x00000030   Code   RO         2746    .text.ip4_output_if  ip4.o
    0x0800653c   0x0800653c   0x00000144   Code   RO         2748    .text.ip4_output_if_src  ip4.o
    0x08006680   0x08006680   0x00000600   Code   RO         2789    .text.ip4_reass     ip4_frag.o
    0x08006c80   0x08006c80   0x00000074   Code   RO         2742    .text.ip4_route     ip4.o
    0x08006cf4   0x08006cf4   0x000001ac   Code   RO         2787    .text.ip_reass_free_complete_datagram  ip4_frag.o
    0x08006ea0   0x08006ea0   0x0000003a   Code   RO         2785    .text.ip_reass_tmr  ip4_frag.o
    0x08006eda   0x08006eda   0x00000002   PAD
    0x08006edc   0x08006edc   0x00000044   Code   RO         2793    .text.ipfrag_free_pbuf_custom  ip4_frag.o
    0x08006f20   0x08006f20   0x000000a6   Code   RO          151    .text.low_level_output  ethernetif.o
    0x08006fc6   0x08006fc6   0x00000002   PAD
    0x08006fc8   0x08006fc8   0x00000176   Code   RO         2568    .text.lwip_cyclic_timer  timeouts.o
    0x0800713e   0x0800713e   0x00000002   PAD
    0x08007140   0x08007140   0x00000004   Code   RO         2127    .text.lwip_htonl    def.o
    0x08007144   0x08007144   0x00000004   Code   RO         2125    .text.lwip_htons    def.o
    0x08007148   0x08007148   0x00000022   Code   RO         2168    .text.lwip_init     init.o
    0x0800716a   0x0800716a   0x00000002   PAD
    0x0800716c   0x0800716c   0x000000e0   Code   RO           23    .text.main          main.o
    0x0800724c   0x0800724c   0x00000028   Code   RO         2190    .text.mem_calloc    mem.o
    0x08007274   0x08007274   0x000002a8   Code   RO         2184    .text.mem_free      mem.o
    0x0800751c   0x0800751c   0x00000084   Code   RO         2182    .text.mem_init      mem.o
    0x080075a0   0x080075a0   0x0000028c   Code   RO         2188    .text.mem_malloc    mem.o
    0x0800782c   0x0800782c   0x000001e0   Code   RO         2186    .text.mem_trim      mem.o
    0x08007a0c   0x08007a0c   0x00000090   Code   RO         2213    .text.memp_free     memp.o
    0x08007a9c   0x08007a9c   0x0000006c   Code   RO         2211    .text.memp_free_pool  memp.o
    0x08007b08   0x08007b08   0x000003bc   Code   RO         2205    .text.memp_init     memp.o
    0x08007ec4   0x08007ec4   0x00000090   Code   RO         2203    .text.memp_init_pool  memp.o
    0x08007f54   0x08007f54   0x00000090   Code   RO         2209    .text.memp_malloc   memp.o
    0x08007fe4   0x08007fe4   0x00000068   Code   RO         2207    .text.memp_malloc_pool  memp.o
    0x0800804c   0x0800804c   0x000005d0   Code   RO         2884    .text.mqtt_client_connect  mqtt.o
    0x0800861c   0x0800861c   0x00000058   Code   RO         2894    .text.mqtt_client_is_connected  mqtt.o
    0x08008674   0x08008674   0x0000000a   Code   RO         2880    .text.mqtt_client_new  mqtt.o
    0x0800867e   0x0800867e   0x00000002   PAD
    0x08008680   0x08008680   0x000000c8   Code   RO         2892    .text.mqtt_close    mqtt.o
    0x08008748   0x08008748   0x00000098   Code   RO           11    .text.mqtt_connection_cb  main.o
    0x080087e0   0x080087e0   0x00000144   Code   RO         2902    .text.mqtt_cyclic_timer  mqtt.o
    0x08008924   0x08008924   0x00000058   Code   RO         2890    .text.mqtt_disconnect  mqtt.o
    0x0800897c   0x0800897c   0x000003cc   Code   RO         2904    .text.mqtt_message_received  mqtt.o
    0x08008d48   0x08008d48   0x0000010c   Code   RO         2872    .text.mqtt_output_append_string  mqtt.o
    0x08008e54   0x08008e54   0x00000124   Code   RO         2874    .text.mqtt_output_send  mqtt.o
    0x08008f78   0x08008f78   0x0000055c   Code   RO         2870    .text.mqtt_publish  mqtt.o
    0x080094d4   0x080094d4   0x0000006c   Code   RO         2886    .text.mqtt_tcp_connect_cb  mqtt.o
    0x08009540   0x08009540   0x00000064   Code   RO         2888    .text.mqtt_tcp_err_cb  mqtt.o
    0x080095a4   0x080095a4   0x00000012   Code   RO         2900    .text.mqtt_tcp_poll_cb  mqtt.o
    0x080095b6   0x080095b6   0x00000002   PAD
    0x080095b8   0x080095b8   0x00000294   Code   RO         2896    .text.mqtt_tcp_recv_cb  mqtt.o
    0x0800984c   0x0800984c   0x00000068   Code   RO         2898    .text.mqtt_tcp_sent_cb  mqtt.o
    0x080098b4   0x080098b4   0x000001dc   Code   RO         2258    .text.netif_add     netif.o
    0x08009a90   0x08009a90   0x00000058   Code   RO         2290    .text.netif_get_by_index  netif.o
    0x08009ae8   0x08009ae8   0x00000002   Code   RO         2252    .text.netif_init    netif.o
    0x08009aea   0x08009aea   0x00000002   PAD
    0x08009aec   0x08009aec   0x00000006   Code   RO         2260    .text.netif_null_output_ip4  netif.o
    0x08009af2   0x08009af2   0x00000002   PAD
    0x08009af4   0x08009af4   0x000000fa   Code   RO         2262    .text.netif_set_addr  netif.o
    0x08009bee   0x08009bee   0x00000002   PAD
    0x08009bf0   0x08009bf0   0x0000000c   Code   RO         2274    .text.netif_set_default  netif.o
    0x08009bfc   0x08009bfc   0x0000005c   Code   RO         2272    .text.netif_set_down  netif.o
    0x08009c58   0x08009c58   0x00000008   Code   RO         2282    .text.netif_set_link_callback  netif.o
    0x08009c60   0x08009c60   0x00000060   Code   RO         2280    .text.netif_set_link_down  netif.o
    0x08009cc0   0x08009cc0   0x0000009c   Code   RO         2278    .text.netif_set_link_up  netif.o
    0x08009d5c   0x08009d5c   0x00000068   Code   RO         2276    .text.netif_set_up  netif.o
    0x08009dc4   0x08009dc4   0x00000020   Code   RO         1605    .text.osDelay       cmsis_os2.o
    0x08009de4   0x08009de4   0x00000010   Code   RO         1561    .text.osKernelGetTickCount  cmsis_os2.o
    0x08009df4   0x08009df4   0x00000028   Code   RO         1547    .text.osKernelInitialize  cmsis_os2.o
    0x08009e1c   0x08009e1c   0x0000003c   Code   RO         1553    .text.osKernelStart  cmsis_os2.o
    0x08009e58   0x08009e58   0x00000088   Code   RO         1659    .text.osMessageQueueGet  cmsis_os2.o
    0x08009ee0   0x08009ee0   0x00000094   Code   RO         1655    .text.osMessageQueueNew  cmsis_os2.o
    0x08009f74   0x08009f74   0x000000a8   Code   RO         1657    .text.osMessageQueuePut  cmsis_os2.o
    0x0800a01c   0x0800a01c   0x00000054   Code   RO         1637    .text.osMutexAcquire  cmsis_os2.o
    0x0800a070   0x0800a070   0x00000078   Code   RO         1635    .text.osMutexNew    cmsis_os2.o
    0x0800a0e8   0x0800a0e8   0x0000004a   Code   RO         1639    .text.osMutexRelease  cmsis_os2.o
    0x0800a132   0x0800a132   0x00000002   PAD
    0x0800a134   0x0800a134   0x0000006c   Code   RO         1647    .text.osSemaphoreAcquire  cmsis_os2.o
    0x0800a1a0   0x0800a1a0   0x000000b8   Code   RO         1645    .text.osSemaphoreNew  cmsis_os2.o
    0x0800a258   0x0800a258   0x00000064   Code   RO         1649    .text.osSemaphoreRelease  cmsis_os2.o
    0x0800a2bc   0x0800a2bc   0x000000ae   Code   RO         1569    .text.osThreadNew   cmsis_os2.o
    0x0800a36a   0x0800a36a   0x00000002   PAD
    0x0800a36c   0x0800a36c   0x0000006c   Code   RO         2312    .text.pbuf_add_header  pbuf.o
    0x0800a3d8   0x0800a3d8   0x000001b0   Code   RO         2302    .text.pbuf_alloc    pbuf.o
    0x0800a588   0x0800a588   0x0000003e   Code   RO         2308    .text.pbuf_alloced_custom  pbuf.o
    0x0800a5c6   0x0800a5c6   0x00000002   PAD
    0x0800a5c8   0x0800a5c8   0x000000d2   Code   RO         2330    .text.pbuf_cat      pbuf.o
    0x0800a69a   0x0800a69a   0x00000002   PAD
    0x0800a69c   0x0800a69c   0x0000010e   Code   RO         2332    .text.pbuf_chain    pbuf.o
    0x0800a7aa   0x0800a7aa   0x00000002   PAD
    0x0800a7ac   0x0800a7ac   0x00000034   Code   RO         2326    .text.pbuf_clen     pbuf.o
    0x0800a7e0   0x0800a7e0   0x0000003e   Code   RO         2350    .text.pbuf_clone    pbuf.o
    0x0800a81e   0x0800a81e   0x00000002   PAD
    0x0800a820   0x0800a820   0x000001c4   Code   RO         2336    .text.pbuf_copy     pbuf.o
    0x0800a9e4   0x0800a9e4   0x000000f8   Code   RO         2338    .text.pbuf_copy_partial  pbuf.o
    0x0800aadc   0x0800aadc   0x00000138   Code   RO         2306    .text.pbuf_free     pbuf.o
    0x0800ac14   0x0800ac14   0x0000002e   Code   RO          153    .text.pbuf_free_custom  ethernetif.o
    0x0800ac42   0x0800ac42   0x00000002   PAD
    0x0800ac44   0x0800ac44   0x00000054   Code   RO         2364    .text.pbuf_free_ooseq_callback  pbuf.o
    0x0800ac98   0x0800ac98   0x00000050   Code   RO         2352    .text.pbuf_get_at   pbuf.o
    0x0800ace8   0x0800ace8   0x00000006   Code   RO         2322    .text.pbuf_header_force  pbuf.o
    0x0800acee   0x0800acee   0x00000002   PAD
    0x0800acf0   0x0800acf0   0x000000f0   Code   RO         2320    .text.pbuf_header_impl  pbuf.o
    0x0800ade0   0x0800ade0   0x00000118   Code   RO         2310    .text.pbuf_realloc  pbuf.o
    0x0800aef8   0x0800aef8   0x00000044   Code   RO         2328    .text.pbuf_ref      pbuf.o
    0x0800af3c   0x0800af3c   0x00000078   Code   RO         2316    .text.pbuf_remove_header  pbuf.o
    0x0800afb4   0x0800afb4   0x0000028a   Code   RO         1380    .text.prvAddNewTaskToReadyList  tasks.o
    0x0800b23e   0x0800b23e   0x00000002   PAD
    0x0800b240   0x0800b240   0x00000086   Code   RO         1412    .text.prvIdleTask   tasks.o
    0x0800b2c6   0x0800b2c6   0x00000002   PAD
    0x0800b2c8   0x0800b2c8   0x00000128   Code   RO         1378    .text.prvInitialiseNewTask  tasks.o
    0x0800b3f0   0x0800b3f0   0x00000028   Code   RO         1742    .text.prvPortStartFirstTask  port.o
    0x0800b418   0x0800b418   0x0000003e   Code   RO         1732    .text.prvTaskExitError  port.o
    0x0800b456   0x0800b456   0x00000002   PAD
    0x0800b458   0x0800b458   0x0000038a   Code   RO         1497    .text.prvTimerTask  timers.o
    0x0800b7e2   0x0800b7e2   0x00000002   PAD
    0x0800b7e4   0x0800b7e4   0x00000074   Code   RO         1277    .text.prvUnlockQueue  queue.o
    0x0800b858   0x0800b858   0x00000074   Code   RO         2906    .text.pub_ack_rec_rel_response  mqtt.o
    0x0800b8cc   0x0800b8cc   0x00000206   Code   RO         1708    .text.pvPortMalloc  heap_4.o
    0x0800bad2   0x0800bad2   0x00000002   PAD
    0x0800bad4   0x0800bad4   0x00000018   Code   RO         1468    .text.pvTaskIncrementMutexHeldCount  tasks.o
    0x0800baec   0x0800baec   0x00000028   Code   RO         1730    .text.pxPortInitialiseStack  port.o
    0x0800bb14   0x0800bb14   0x00000044   Code   RO         2824    .text.sys_arch_mbox_fetch  sys_arch.o
    0x0800bb58   0x0800bb58   0x00000018   Code   RO         2856    .text.sys_arch_protect  sys_arch.o
    0x0800bb70   0x0800bb70   0x0000000e   Code   RO         2858    .text.sys_arch_unprotect  sys_arch.o
    0x0800bb7e   0x0800bb7e   0x00000002   PAD
    0x0800bb80   0x0800bb80   0x00000040   Code   RO         2572    .text.sys_check_timeouts  timeouts.o
    0x0800bbc0   0x0800bbc0   0x00000014   Code   RO         2844    .text.sys_init      sys_arch.o
    0x0800bbd4   0x0800bbd4   0x00000020   Code   RO         2814    .text.sys_mbox_new  sys_arch.o
    0x0800bbf4   0x0800bbf4   0x0000001e   Code   RO         2820    .text.sys_mbox_trypost  sys_arch.o
    0x0800bc12   0x0800bc12   0x00000002   PAD
    0x0800bc14   0x0800bc14   0x0000000a   Code   RO         2828    .text.sys_mbox_valid  sys_arch.o
    0x0800bc1e   0x0800bc1e   0x00000002   PAD
    0x0800bc20   0x0800bc20   0x0000000a   Code   RO         2850    .text.sys_mutex_lock  sys_arch.o
    0x0800bc2a   0x0800bc2a   0x00000002   PAD
    0x0800bc2c   0x0800bc2c   0x0000001c   Code   RO         2846    .text.sys_mutex_new  sys_arch.o
    0x0800bc48   0x0800bc48   0x00000006   Code   RO         2852    .text.sys_mutex_unlock  sys_arch.o
    0x0800bc4e   0x0800bc4e   0x00000002   PAD
    0x0800bc50   0x0800bc50   0x00000004   Code   RO          155    .text.sys_now       ethernetif.o
    0x0800bc54   0x0800bc54   0x0000002a   Code   RO         2854    .text.sys_thread_new  sys_arch.o
    0x0800bc7e   0x0800bc7e   0x00000002   PAD
    0x0800bc80   0x0800bc80   0x00000114   Code   RO         2562    .text.sys_timeout   timeouts.o
    0x0800bd94   0x0800bd94   0x0000004e   Code   RO         2566    .text.sys_timeouts_init  timeouts.o
    0x0800bde2   0x0800bde2   0x00000002   PAD
    0x0800bde4   0x0800bde4   0x00000026   Code   RO         2576    .text.sys_timeouts_sleeptime  timeouts.o
    0x0800be0a   0x0800be0a   0x00000002   PAD
    0x0800be0c   0x0800be0c   0x000000a2   Code   RO         2570    .text.sys_untimeout  timeouts.o
    0x0800beae   0x0800beae   0x00000002   PAD
    0x0800beb0   0x0800beb0   0x00000088   Code   RO           17    .text.taskControll  main.o
    0x0800bf38   0x0800bf38   0x000000e4   Code   RO           15    .text.taskMQTT      main.o
    0x0800c01c   0x0800c01c   0x00000070   Code   RO           19    .text.taskPublish   main.o
    0x0800c08c   0x0800c08c   0x00000224   Code   RO         2404    .text.tcp_abandon   tcp.o
    0x0800c2b0   0x0800c2b0   0x00000006   Code   RO         2410    .text.tcp_abort     tcp.o
    0x0800c2b6   0x0800c2b6   0x00000002   PAD
    0x0800c2b8   0x0800c2b8   0x000002a8   Code   RO         2448    .text.tcp_alloc     tcp.o
    0x0800c560   0x0800c560   0x00000008   Code   RO         2454    .text.tcp_arg       tcp.o
    0x0800c568   0x0800c568   0x000005e0   Code   RO         2412    .text.tcp_bind      tcp.o
    0x0800cb48   0x0800cb48   0x00000054   Code   RO         2398    .text.tcp_close     tcp.o
    0x0800cb9c   0x0800cb9c   0x000002f4   Code   RO         2400    .text.tcp_close_shutdown  tcp.o
    0x0800ce90   0x0800ce90   0x0000063c   Code   RO         2426    .text.tcp_connect   tcp.o
    0x0800d4cc   0x0800d4cc   0x0000015c   Code   RO         2521    .text.tcp_create_segment  tcp_out.o
    0x0800d628   0x0800d628   0x00000070   Code   RO         2430    .text.tcp_eff_send_mss_netif  tcp.o
    0x0800d698   0x0800d698   0x00000214   Code   RO         2527    .text.tcp_enqueue_flags  tcp_out.o
    0x0800d8ac   0x0800d8ac   0x00000060   Code   RO         2460    .text.tcp_err       tcp.o
    0x0800d90c   0x0800d90c   0x00000120   Code   RO         2394    .text.tcp_fasttmr   tcp.o
    0x0800da2c   0x0800da2c   0x00000034   Code   RO         2390    .text.tcp_free      tcp.o
    0x0800da60   0x0800da60   0x00000168   Code   RO         2503    .text.tcp_free_acked_segments  tcp_in.o
    0x0800dbc8   0x0800dbc8   0x0000002c   Code   RO         2432    .text.tcp_free_ooseq  tcp.o
    0x0800dbf4   0x0800dbf4   0x00000016   Code   RO         2388    .text.tcp_init      tcp.o
    0x0800dc0a   0x0800dc0a   0x00000002   PAD
    0x0800dc0c   0x0800dc0c   0x000005d0   Code   RO         2487    .text.tcp_input     tcp_in.o
    0x0800e1dc   0x0800e1dc   0x00000042   Code   RO         2495    .text.tcp_input_delayed_close  tcp_in.o
    0x0800e21e   0x0800e21e   0x00000002   PAD
    0x0800e220   0x0800e220   0x00000134   Code   RO         2547    .text.tcp_keepalive  tcp_out.o
    0x0800e354   0x0800e354   0x0000012c   Code   RO         2491    .text.tcp_listen_input  tcp_in.o
    0x0800e480   0x0800e480   0x000000a0   Code   RO         2466    .text.tcp_netif_ip_addr_changed  tcp.o
    0x0800e520   0x0800e520   0x00000006   Code   RO         2452    .text.tcp_new_ip_type  tcp.o
    0x0800e526   0x0800e526   0x00000002   PAD
    0x0800e528   0x0800e528   0x00000054   Code   RO         2428    .text.tcp_next_iss  tcp.o
    0x0800e57c   0x0800e57c   0x0000008c   Code   RO         2505    .text.tcp_oos_insert_segment  tcp_in.o
    0x0800e608   0x0800e608   0x00000420   Code   RO         2529    .text.tcp_output    tcp_out.o
    0x0800ea28   0x0800ea28   0x000000b4   Code   RO         2545    .text.tcp_output_alloc_header_common  tcp_out.o
    0x0800eadc   0x0800eadc   0x000000fa   Code   RO         2499    .text.tcp_parseopt  tcp_in.o
    0x0800ebd6   0x0800ebd6   0x00000002   PAD
    0x0800ebd8   0x0800ebd8   0x000000cc   Code   RO         2519    .text.tcp_pbuf_prealloc  tcp_out.o
    0x0800eca4   0x0800eca4   0x000000d8   Code   RO         2434    .text.tcp_pcb_purge  tcp.o
    0x0800ed7c   0x0800ed7c   0x0000019c   Code   RO         2406    .text.tcp_pcb_remove  tcp.o
    0x0800ef18   0x0800ef18   0x00000088   Code   RO         2464    .text.tcp_poll      tcp.o
    0x0800efa0   0x0800efa0   0x000005dc   Code   RO         2493    .text.tcp_process   tcp_in.o
    0x0800f57c   0x0800f57c   0x000000cc   Code   RO         2436    .text.tcp_process_refused_data  tcp.o
    0x0800f648   0x0800f648   0x00000968   Code   RO         2501    .text.tcp_receive   tcp_in.o
    0x0800ffb0   0x0800ffb0   0x00000060   Code   RO         2456    .text.tcp_recv      tcp.o
    0x08010010   0x08010010   0x0000007c   Code   RO         2440    .text.tcp_recv_null  tcp.o
    0x0801008c   0x0801008c   0x00000118   Code   RO         2424    .text.tcp_recved    tcp.o
    0x080101a4   0x080101a4   0x000000c0   Code   RO         2539    .text.tcp_rexmit    tcp_out.o
    0x08010264   0x08010264   0x0000009c   Code   RO         2541    .text.tcp_rexmit_fast  tcp_out.o
    0x08010300   0x08010300   0x0000011c   Code   RO         2537    .text.tcp_rexmit_rto  tcp_out.o
    0x0801041c   0x0801041c   0x0000003e   Code   RO         2535    .text.tcp_rexmit_rto_commit  tcp_out.o
    0x0801045a   0x0801045a   0x00000002   PAD
    0x0801045c   0x0801045c   0x000000f0   Code   RO         2533    .text.tcp_rexmit_rto_prepare  tcp_out.o
    0x0801054c   0x0801054c   0x00000124   Code   RO         2543    .text.tcp_rst       tcp_out.o
    0x08010670   0x08010670   0x00000060   Code   RO         2446    .text.tcp_seg_copy  tcp.o
    0x080106d0   0x080106d0   0x00000020   Code   RO         2442    .text.tcp_seg_free  tcp.o
    0x080106f0   0x080106f0   0x00000028   Code   RO         2408    .text.tcp_segs_free  tcp.o
    0x08010718   0x08010718   0x0000014c   Code   RO         2531    .text.tcp_send_empty_ack  tcp_out.o
    0x08010864   0x08010864   0x00000098   Code   RO         2525    .text.tcp_send_fin  tcp_out.o
    0x080108fc   0x080108fc   0x00000060   Code   RO         2458    .text.tcp_sent      tcp.o
    0x0801095c   0x0801095c   0x0000061c   Code   RO         2396    .text.tcp_slowtmr   tcp.o
    0x08010f78   0x08010f78   0x00000248   Code   RO         2523    .text.tcp_split_unsent_seg  tcp_out.o
    0x080111c0   0x080111c0   0x000000de   Code   RO         2560    .text.tcp_timer_needed  timeouts.o
    0x0801129e   0x0801129e   0x00000002   PAD
    0x080112a0   0x080112a0   0x00000088   Code   RO         2489    .text.tcp_timewait_input  tcp_in.o
    0x08011328   0x08011328   0x00000022   Code   RO         2392    .text.tcp_tmr       tcp.o
    0x0801134a   0x0801134a   0x00000002   PAD
    0x0801134c   0x0801134c   0x00000012   Code   RO         2497    .text.tcp_trigger_input_pcb_close  tcp_in.o
    0x0801135e   0x0801135e   0x00000002   PAD
    0x08011360   0x08011360   0x000000a0   Code   RO         2422    .text.tcp_update_rcv_ann_wnd  tcp.o
    0x08011400   0x08011400   0x0000078c   Code   RO         2517    .text.tcp_write     tcp_out.o
    0x08011b8c   0x08011b8c   0x0000014c   Code   RO         2549    .text.tcp_zero_window_probe  tcp_out.o
    0x08011cd8   0x08011cd8   0x000000d4   Code   RO         2102    .text.tcpip_init    tcpip.o
    0x08011dac   0x08011dac   0x000000d8   Code   RO         2084    .text.tcpip_input   tcpip.o
    0x08011e84   0x08011e84   0x000000e6   Code   RO         2564    .text.tcpip_tcp_timer  timeouts.o
    0x08011f6a   0x08011f6a   0x00000002   PAD
    0x08011f6c   0x08011f6c   0x000000d2   Code   RO         2104    .text.tcpip_thread  tcpip.o
    0x0801203e   0x0801203e   0x00000002   PAD
    0x08012040   0x08012040   0x0000007e   Code   RO         2088    .text.tcpip_try_callback  tcpip.o
    0x080120be   0x080120be   0x00000002   PAD
    0x080120c0   0x080120c0   0x00000194   Code   RO         2602    .text.udp_bind      udp.o
    0x08012254   0x08012254   0x000001ec   Code   RO         2606    .text.udp_connect   udp.o
    0x08012440   0x08012440   0x00000016   Code   RO         2590    .text.udp_init      udp.o
    0x08012456   0x08012456   0x00000002   PAD
    0x08012458   0x08012458   0x00000294   Code   RO         2592    .text.udp_input     udp.o
    0x080126ec   0x080126ec   0x0000007c   Code   RO         2618    .text.udp_netif_ip_addr_changed  udp.o
    0x08012768   0x08012768   0x00000026   Code   RO         2614    .text.udp_new       udp.o
    0x0801278e   0x0801278e   0x00000002   PAD
    0x08012790   0x08012790   0x0000003c   Code   RO         2610    .text.udp_recv      udp.o
    0x080127cc   0x080127cc   0x00000088   Code   RO         2612    .text.udp_remove    udp.o
    0x08012854   0x08012854   0x00000128   Code   RO         2598    .text.udp_sendto_if  udp.o
    0x0801297c   0x0801297c   0x00000338   Code   RO         2600    .text.udp_sendto_if_src  udp.o
    0x08012cb4   0x08012cb4   0x00000024   Code   RO         1241    .text.uxListRemove  list.o
    0x08012cd8   0x08012cd8   0x0000001a   Code   RO         1691    .text.vApplicationGetIdleTaskMemory  cmsis_os2.o
    0x08012cf2   0x08012cf2   0x00000002   PAD
    0x08012cf4   0x08012cf4   0x0000001c   Code   RO         1693    .text.vApplicationGetTimerTaskMemory  cmsis_os2.o
    0x08012d10   0x08012d10   0x00000016   Code   RO         1233    .text.vListInitialise  list.o
    0x08012d26   0x08012d26   0x00000002   PAD
    0x08012d28   0x08012d28   0x00000006   Code   RO         1235    .text.vListInitialiseItem  list.o
    0x08012d2e   0x08012d2e   0x00000002   PAD
    0x08012d30   0x08012d30   0x00000062   Code   RO         1239    .text.vListInsert   list.o
    0x08012d92   0x08012d92   0x00000002   PAD
    0x08012d94   0x08012d94   0x0000001c   Code   RO         1237    .text.vListInsertEnd  list.o
    0x08012db0   0x08012db0   0x00000014   Code   RO         1740    .text.vPortEnableVFP  port.o
    0x08012dc4   0x08012dc4   0x00000046   Code   RO         1746    .text.vPortEnterCritical  port.o
    0x08012e0a   0x08012e0a   0x00000002   PAD
    0x08012e0c   0x08012e0c   0x0000002e   Code   RO         1748    .text.vPortExitCritical  port.o
    0x08012e3a   0x08012e3a   0x00000002   PAD
    0x08012e3c   0x08012e3c   0x000000d4   Code   RO         1710    .text.vPortFree     heap_4.o
    0x08012f10   0x08012f10   0x00000034   Code   RO         1738    .text.vPortSetupTimerInterrupt  port.o
    0x08012f44   0x08012f44   0x0000005e   Code   RO         1754    .text.vPortValidateInterruptPriority  port.o
    0x08012fa2   0x08012fa2   0x00000002   PAD
    0x08012fa4   0x08012fa4   0x000000b0   Code   RO         1311    .text.vQueueAddToRegistry  queue.o
    0x08013054   0x08013054   0x000000a8   Code   RO         1297    .text.vQueueDelete  queue.o
    0x080130fc   0x080130fc   0x00000052   Code   RO         1315    .text.vQueueWaitForMessageRestricted  queue.o
    0x0801314e   0x0801314e   0x00000002   PAD
    0x08013150   0x08013150   0x00000080   Code   RO         1392    .text.vTaskDelay    tasks.o
    0x080131d0   0x080131d0   0x00000012   Code   RO         1442    .text.vTaskInternalSetTimeOutState  tasks.o
    0x080131e2   0x080131e2   0x00000002   PAD
    0x080131e4   0x080131e4   0x0000000e   Code   RO         1446    .text.vTaskMissedYield  tasks.o
    0x080131f2   0x080131f2   0x00000002   PAD
    0x080131f4   0x080131f4   0x00000074   Code   RO         1430    .text.vTaskPlaceOnEventList  tasks.o
    0x08013268   0x08013268   0x0000007a   Code   RO         1434    .text.vTaskPlaceOnEventListRestricted  tasks.o
    0x080132e2   0x080132e2   0x00000002   PAD
    0x080132e4   0x080132e4   0x000000a2   Code   RO         1464    .text.vTaskPriorityDisinheritAfterTimeout  tasks.o
    0x08013386   0x08013386   0x00000002   PAD
    0x08013388   0x08013388   0x000000f0   Code   RO         1410    .text.vTaskStartScheduler  tasks.o
    0x08013478   0x08013478   0x00000010   Code   RO         1388    .text.vTaskSuspendAll  tasks.o
    0x08013488   0x08013488   0x000000bc   Code   RO         1404    .text.vTaskSwitchContext  tasks.o
    0x08013544   0x08013544   0x00000184   Code   RO         1736    .text.xPortStartScheduler  port.o
    0x080136c8   0x080136c8   0x0000002e   Code   RO         1752    .text.xPortSysTickHandler  port.o
    0x080136f6   0x080136f6   0x00000002   PAD
    0x080136f8   0x080136f8   0x00000044   Code   RO         1275    .text.xQueueCreateCountingSemaphore  queue.o
    0x0801373c   0x0801373c   0x000000c2   Code   RO         1273    .text.xQueueCreateCountingSemaphoreStatic  queue.o
    0x080137fe   0x080137fe   0x00000002   PAD
    0x08013800   0x08013800   0x00000070   Code   RO         1257    .text.xQueueCreateMutex  queue.o
    0x08013870   0x08013870   0x000000a2   Code   RO         1259    .text.xQueueCreateMutexStatic  queue.o
    0x08013912   0x08013912   0x00000002   PAD
    0x08013914   0x08013914   0x00000086   Code   RO         1255    .text.xQueueGenericCreate  queue.o
    0x0801399a   0x0801399a   0x00000002   PAD
    0x0801399c   0x0801399c   0x000000de   Code   RO         1253    .text.xQueueGenericCreateStatic  queue.o
    0x08013a7a   0x08013a7a   0x00000002   PAD
    0x08013a7c   0x08013a7c   0x0000022a   Code   RO         1267    .text.xQueueGenericSend  queue.o
    0x08013ca6   0x08013ca6   0x00000002   PAD
    0x08013ca8   0x08013ca8   0x00000158   Code   RO         1279    .text.xQueueGenericSendFromISR  queue.o
    0x08013e00   0x08013e00   0x000000c8   Code   RO         1281    .text.xQueueGiveFromISR  queue.o
    0x08013ec8   0x08013ec8   0x00000042   Code   RO         1265    .text.xQueueGiveMutexRecursive  queue.o
    0x08013f0a   0x08013f0a   0x00000002   PAD
    0x08013f0c   0x08013f0c   0x000001a2   Code   RO         1283    .text.xQueueReceive  queue.o
    0x080140ae   0x080140ae   0x00000002   PAD
    0x080140b0   0x080140b0   0x000000e4   Code   RO         1287    .text.xQueueReceiveFromISR  queue.o
    0x08014194   0x08014194   0x000001da   Code   RO         1271    .text.xQueueSemaphoreTake  queue.o
    0x0801436e   0x0801436e   0x00000002   PAD
    0x08014370   0x08014370   0x00000048   Code   RO         1269    .text.xQueueTakeMutexRecursive  queue.o
    0x080143b8   0x080143b8   0x000000a2   Code   RO         1444    .text.xTaskCheckForTimeOut  tasks.o
    0x0801445a   0x0801445a   0x00000002   PAD
    0x0801445c   0x0801445c   0x00000060   Code   RO         1382    .text.xTaskCreate   tasks.o
    0x080144bc   0x080144bc   0x00000076   Code   RO         1376    .text.xTaskCreateStatic  tasks.o
    0x08014532   0x08014532   0x00000002   PAD
    0x08014534   0x08014534   0x0000000c   Code   RO         1456    .text.xTaskGetCurrentTaskHandle  tasks.o
    0x08014540   0x08014540   0x0000001e   Code   RO         1458    .text.xTaskGetSchedulerState  tasks.o
    0x0801455e   0x0801455e   0x00000002   PAD
    0x08014560   0x08014560   0x0000000c   Code   RO         1418    .text.xTaskGetTickCount  tasks.o
    0x0801456c   0x0801456c   0x00000012   Code   RO         1420    .text.xTaskGetTickCountFromISR  tasks.o
    0x0801457e   0x0801457e   0x00000002   PAD
    0x08014580   0x08014580   0x00000104   Code   RO         1416    .text.xTaskIncrementTick  tasks.o
    0x08014684   0x08014684   0x0000008a   Code   RO         1462    .text.xTaskPriorityDisinherit  tasks.o
    0x0801470e   0x0801470e   0x00000002   PAD
    0x08014710   0x08014710   0x00000092   Code   RO         1460    .text.xTaskPriorityInherit  tasks.o
    0x080147a2   0x080147a2   0x00000002   PAD
    0x080147a4   0x080147a4   0x00000072   Code   RO         1436    .text.xTaskRemoveFromEventList  tasks.o
    0x08014816   0x08014816   0x00000002   PAD
    0x08014818   0x08014818   0x000000ee   Code   RO         1390    .text.xTaskResumeAll  tasks.o
    0x08014906   0x08014906   0x00000002   PAD
    0x08014908   0x08014908   0x000000b4   Code   RO         1495    .text.xTimerCreateTimerTask  timers.o
    0x080149bc   0x080149bc   0x00000020   Code   RO         3061    i.__0printf$3       mc_w.l(printf3.o)
    0x080149dc   0x080149dc   0x00000034   Code   RO         3062    i.__0snprintf$3     mc_w.l(printf3.o)
    0x08014a10   0x08014a10   0x0000000e   Code   RO         3297    i.__scatterload_copy  mc_w.l(handlers.o)
    0x08014a1e   0x08014a1e   0x00000002   Code   RO         3298    i.__scatterload_null  mc_w.l(handlers.o)
    0x08014a20   0x08014a20   0x0000000e   Code   RO         3299    i.__scatterload_zeroinit  mc_w.l(handlers.o)
    0x08014a2e   0x08014a2e   0x00000002   PAD
    0x08014a30   0x08014a30   0x000001b8   Code   RO         3068    i._printf_core      mc_w.l(printf3.o)
    0x08014be8   0x08014be8   0x00000016   Code   RO         3069    i._snputc           mc_w.l(printf3.o)
    0x08014bfe   0x08014bfe   0x00000002   PAD
    0x08014c00   0x08014c00   0x00000024   Code   RO         2919    i.puts              mc_w.l(puts.o)
    0x08014c24   0x08014c24   0x00000010   Data   RO         1186    .rodata.AHBPrescTable  system_stm32f4xx.o
    0x08014c34   0x08014c34   0x00000008   Data   RO         1187    .rodata.APBPrescTable  system_stm32f4xx.o
    0x08014c3c   0x08014c3c   0x00000024   Data   RO           56    .rodata.defaultTask_attributes  freertos.o
    0x08014c60   0x08014c60   0x00000006   Data   RO         1812    .rodata.ethbroadcast  ethernet.o
    0x08014c66   0x08014c66   0x00000006   Data   RO         1813    .rodata.ethzero     ethernet.o
    0x08014c6c   0x08014c6c   0x00000004   Data   RO         2774    .rodata.ip_addr_any  ip4_addr.o
    0x08014c70   0x08014c70   0x00000004   Data   RO         2775    .rodata.ip_addr_broadcast  ip4_addr.o
    0x08014c74   0x08014c74   0x00000028   Data   RO         2578    .rodata.lwip_cyclic_timers  timeouts.o
    0x08014c9c   0x08014c9c   0x0000000c   Data   RO         2226    .rodata.memp_FRAG_PBUF  memp.o
    0x08014ca8   0x08014ca8   0x0000000c   Data   RO         2228    .rodata.memp_NETBUF  memp.o
    0x08014cb4   0x08014cb4   0x0000000c   Data   RO         2230    .rodata.memp_NETCONN  memp.o
    0x08014cc0   0x08014cc0   0x0000000c   Data   RO         2238    .rodata.memp_PBUF   memp.o
    0x08014ccc   0x08014ccc   0x0000000c   Data   RO         2240    .rodata.memp_PBUF_POOL  memp.o
    0x08014cd8   0x08014cd8   0x0000000c   Data   RO         2224    .rodata.memp_REASSDATA  memp.o
    0x08014ce4   0x08014ce4   0x0000000c   Data   RO          171    .rodata.memp_RX_POOL  ethernetif.o
    0x08014cf0   0x08014cf0   0x0000000c   Data   RO         2236    .rodata.memp_SYS_TIMEOUT  memp.o
    0x08014cfc   0x08014cfc   0x0000000c   Data   RO         2232    .rodata.memp_TCPIP_MSG_API  memp.o
    0x08014d08   0x08014d08   0x0000000c   Data   RO         2234    .rodata.memp_TCPIP_MSG_INPKT  memp.o
    0x08014d14   0x08014d14   0x0000000c   Data   RO         2218    .rodata.memp_TCP_PCB  memp.o
    0x08014d20   0x08014d20   0x0000000c   Data   RO         2220    .rodata.memp_TCP_PCB_LISTEN  memp.o
    0x08014d2c   0x08014d2c   0x0000000c   Data   RO         2222    .rodata.memp_TCP_SEG  memp.o
    0x08014d38   0x08014d38   0x0000000c   Data   RO         2216    .rodata.memp_UDP_PCB  memp.o
    0x08014d44   0x08014d44   0x00000034   Data   RO         2241    .rodata.memp_pools  memp.o
    0x08014d78   0x08014d78   0x0000003c   Data   RO           31    .rodata.str1.1      main.o
    0x08014db4   0x08014db4   0x0000000c   Data   RO           55    .rodata.str1.1      freertos.o
    0x08014dc0   0x08014dc0   0x00000005   Data   RO         1535    .rodata.str1.1      timers.o
    0x08014dc5   0x08014dc5   0x00000028   Data   RO         1814    .rodata.str1.1      ethernet.o
    0x08014ded   0x08014ded   0x0000005b   Data   RO         2112    .rodata.str1.1      tcpip.o
    0x08014e48   0x08014e48   0x000000f1   Data   RO         2193    .rodata.str1.1      mem.o
    0x08014f39   0x08014f39   0x00000085   Data   RO         2242    .rodata.str1.1      memp.o
    0x08014fbe   0x08014fbe   0x00000031   Data   RO         2292    .rodata.str1.1      netif.o
    0x08014fef   0x08014fef   0x00000129   Data   RO         2366    .rodata.str1.1      pbuf.o
    0x08015118   0x08015118   0x000001ab   Data   RO         2473    .rodata.str1.1      tcp.o
    0x080152c3   0x080152c3   0x000001c2   Data   RO         2507    .rodata.str1.1      tcp_in.o
    0x08015485   0x08015485   0x000002be   Data   RO         2551    .rodata.str1.1      tcp_out.o
    0x08015743   0x08015743   0x00000071   Data   RO         2580    .rodata.str1.1      timeouts.o
    0x080157b4   0x080157b4   0x00000090   Data   RO         2621    .rodata.str1.1      udp.o
    0x08015844   0x08015844   0x00000165   Data   RO         2680    .rodata.str1.1      dhcp.o
    0x080159a9   0x080159a9   0x00000087   Data   RO         2714    .rodata.str1.1      etharp.o
    0x08015a30   0x08015a30   0x00000035   Data   RO         2732    .rodata.str1.1      icmp.o
    0x08015a65   0x08015a65   0x00000040   Data   RO         2752    .rodata.str1.1      ip4.o
    0x08015aa5   0x08015aa5   0x00000052   Data   RO         2795    .rodata.str1.1      ip4_frag.o
    0x08015af7   0x08015af7   0x0000031b   Data   RO         2908    .rodata.str1.1      mqtt.o
    0x08015e12   0x08015e12   0x0000000d   Data   RO         2476    .rodata.tcp_backoff  tcp.o
    0x08015e1f   0x08015e1f   0x00000007   Data   RO         2475    .rodata.tcp_persist_backoff  tcp.o
    0x08015e26   0x08015e26   0x00000002   PAD
    0x08015e28   0x08015e28   0x00000020   Data   RO         3296    Region$$Table       anon$$obj.o


    Execution Region RW_IRAM2 (Exec base: 0x10000000, Load base: 0x08015e80, Size: 0x00000000, Max: 0x00010000, ABSOLUTE)

    **** No section assigned to this execution region ****


    Execution Region RW_IRAM1 (Exec base: 0x20000000, Load base: 0x08015e48, Size: 0x00011ce0, Max: 0x00030000, ABSOLUTE)

    Exec Addr    Load Addr    Size         Type   Attr      Idx    E Section Name        Object

    0x20000000   0x08015e48   0x00000004   Data   RW         2954    .data               mc_w.l(rand.o)
    0x20000004   0x08015e4c   0x00000004   Data   RW         3249    .data               mc_w.l(stdout.o)
    0x20000008   0x08015e50   0x00000008   Data   RW          601    .data..L_MergedGlobals  stm32f4xx_hal.o
    0x20000010   0x08015e58   0x00000008   Data   RW         2477    .data..L_MergedGlobals  tcp.o
    0x20000018   0x08015e60   0x00000014   Data   RW          172    .data.LAN8742_IOCtx  ethernetif.o
    0x2000002c   0x08015e74   0x00000004   Data   RW         1185    .data.SystemCoreClock  system_stm32f4xx.o
    0x20000030   0x08015e78   0x00000002   Data   RW         2620    .data.udp_port      udp.o
    0x20000032   0x08015e7a   0x00000002   PAD
    0x20000034   0x08015e7c   0x00000004   Data   RW         1756    .data.uxCriticalNesting  port.o
    0x20000038        -       0x0000001c   Zero   RW           33    .bss..L_MergedGlobals  main.o
    0x20000054        -       0x00000064   Zero   RW          176    .bss..L_MergedGlobals  ethernetif.o
    0x200000b8        -       0x00000068   Zero   RW          189    .bss..L_MergedGlobals  lwip.o
    0x20000120        -       0x00000078   Zero   RW         1485    .bss..L_MergedGlobals  tasks.o
    0x20000198        -       0x0000003c   Zero   RW         1536    .bss..L_MergedGlobals  timers.o
    0x200001d4        -       0x00000020   Zero   RW         1721    .bss..L_MergedGlobals  heap_4.o
    0x200001f4        -       0x00000008   Zero   RW         1757    .bss..L_MergedGlobals  port.o
    0x200001fc        -       0x00000010   Zero   RW         2113    .bss..L_MergedGlobals  tcpip.o
    0x2000020c        -       0x00000010   Zero   RW         2194    .bss..L_MergedGlobals  mem.o
    0x2000021c        -       0x00000034   Zero   RW         2243    .bss..L_MergedGlobals  memp.o
    0x20000250        -       0x0000000c   Zero   RW         2293    .bss..L_MergedGlobals  netif.o
    0x2000025c        -       0x00000034   Zero   RW         2508    .bss..L_MergedGlobals  tcp_in.o
    0x20000290        -       0x0000000c   Zero   RW         2581    .bss..L_MergedGlobals  timeouts.o
    0x2000029c   0x08015e80   0x00000004   PAD
    0x200002a0        -       0x00000030   Zero   RW         2682    .bss..L_MergedGlobals  dhcp.o
    0x200002d0        -       0x00000008   Zero   RW         2796    .bss..L_MergedGlobals  ip4_frag.o
    0x200002d8        -       0x00000028   Zero   RW         1486    .bss..L_MergedGlobals.1  tasks.o
    0x20000300        -       0x00000018   Zero   RW         2478    .bss..L_MergedGlobals.65  tcp.o
    0x20000318        -       0x000000a0   Zero   RW          174    .bss.DMARxDscrTab   ethernetif.o
    0x200003b8        -       0x000000a0   Zero   RW          175    .bss.DMATxDscrTab   ethernetif.o
    0x20000458        -       0x00000004   Zero   RW         1695    .bss.KernelState    cmsis_os2.o
    0x2000045c        -       0x000000f0   Zero   RW         2713    .bss.arp_table      etharp.o
    0x2000054c        -       0x00000004   Zero   RW           57    .bss.defaultTaskHandle  freertos.o
    0x20000550        -       0x00000004   Zero   RW         2681    .bss.dhcp_create_msg.xid  dhcp.o
    0x20000554        -       0x00000001   Zero   RW         2715    .bss.etharp_cached_entry  etharp.o
    0x20000555   0x08015e80   0x00000003   PAD
    0x20000558        -       0x000000b0   Zero   RW          173    .bss.heth           ethernetif.o
    0x20000608        -       0x00000048   Zero   RW          122    .bss.htim1          stm32f4xx_hal_timebase_tim.o
    0x20000650        -       0x00000044   Zero   RW           73    .bss.huart3         usart.o
    0x20000694        -       0x00000018   Zero   RW         2176    .bss.ip_data        ip.o
    0x200006ac        -       0x00000002   Zero   RW         2753    .bss.ip_id          ip4.o
    0x200006ae   0x08015e80   0x00000002   PAD
    0x200006b0        -       0x00000004   Zero   RW         2860    .bss.lwip_sys_mutex  sys_arch.o
    0x200006b4        -       0x0000016b   Zero   RW         2225    .bss.memp_memory_FRAG_PBUF_base  memp.o
    0x2000081f        -       0x00000023   Zero   RW         2227    .bss.memp_memory_NETBUF_base  memp.o
    0x20000842        -       0x000000a3   Zero   RW         2229    .bss.memp_memory_NETCONN_base  memp.o
    0x200008e5        -       0x00002603   Zero   RW         2239    .bss.memp_memory_PBUF_POOL_base  memp.o
    0x20002ee8        -       0x00000103   Zero   RW         2237    .bss.memp_memory_PBUF_base  memp.o
    0x20002feb        -       0x000000a3   Zero   RW         2223    .bss.memp_memory_REASSDATA_base  memp.o
    0x2000308e        -       0x00004983   Zero   RW          169    .bss.memp_memory_RX_POOL_base  ethernetif.o
    0x20007a11        -       0x000000d3   Zero   RW         2235    .bss.memp_memory_SYS_TIMEOUT_base  memp.o
    0x20007ae4        -       0x00000083   Zero   RW         2231    .bss.memp_memory_TCPIP_MSG_API_base  memp.o
    0x20007b67        -       0x00000083   Zero   RW         2233    .bss.memp_memory_TCPIP_MSG_INPKT_base  memp.o
    0x20007bea        -       0x000000e3   Zero   RW         2219    .bss.memp_memory_TCP_PCB_LISTEN_base  memp.o
    0x20007ccd        -       0x0000030f   Zero   RW         2217    .bss.memp_memory_TCP_PCB_base  memp.o
    0x20007fdc        -       0x00000103   Zero   RW         2221    .bss.memp_memory_TCP_SEG_base  memp.o
    0x200080df        -       0x00000083   Zero   RW         2215    .bss.memp_memory_UDP_PCB_base  memp.o
    0x20008162   0x08015e80   0x00000002   PAD
    0x20008164        -       0x00000004   Zero   RW          170    .bss.memp_tab_RX_POOL  ethernetif.o
    0x20008168        -       0x00000001   Zero   RW         2367    .bss.pbuf_free_ooseq_pending  pbuf.o
    0x20008169        -       0x000000a0   Zero   RW         1534    .bss.prvCheckForValidListAndQueue.ucStaticTimerQueueStorage  timers.o
    0x20008209   0x08015e80   0x00000003   PAD
    0x2000820c        -       0x00000050   Zero   RW         1533    .bss.prvCheckForValidListAndQueue.xStaticTimerQueue  timers.o
    0x2000825c        -       0x00000460   Zero   RW         1484    .bss.pxReadyTasksLists  tasks.o
    0x200086bc        -       0x00002813   Zero   RW         2192    .bss.ram_heap       mem.o
    0x2000aecf        -       0x00000001   Zero   RW         2474    .bss.tcp_timer      tcp.o
    0x2000aed0        -       0x00006310   Zero   RW         1720    .bss.ucHeap         heap_4.o
    0x200111e0        -       0x00000004   Zero   RW         2622    .bss.udp_pcbs       udp.o
    0x200111e4        -       0x00000004   Zero   RW          600    .bss.uwTick         stm32f4xx_hal.o
    0x200111e8        -       0x00000200   Zero   RW         1697    .bss.vApplicationGetIdleTaskMemory.Idle_Stack  cmsis_os2.o
    0x200113e8        -       0x0000005c   Zero   RW         1696    .bss.vApplicationGetIdleTaskMemory.Idle_TCB  cmsis_os2.o
    0x20011444        -       0x00000400   Zero   RW         1699    .bss.vApplicationGetTimerTaskMemory.Timer_Stack  cmsis_os2.o
    0x20011844        -       0x0000005c   Zero   RW         1698    .bss.vApplicationGetTimerTaskMemory.Timer_TCB  cmsis_os2.o
    0x200118a0        -       0x00000040   Zero   RW         1317    .bss.xQueueRegistry  queue.o
    0x200118e0        -       0x00000400   Zero   RW            1    STACK               startup_stm32f429xx.o


==============================================================================

Image component sizes


      Code (inc. data)   RO Data    RW Data    ZI Data      Debug   Object Name

      1528          0          0          0       1724      44772   cmsis_os2.o
         8          0          0          0          0       3236   def.o
      7606        490        357          0         52      32892   dhcp.o
      4614        260        135          0        241      18711   etharp.o
       372        108         52          0          0       3644   ethernet.o
      1726        148         12         20      19419      20645   ethernetif.o
        48          0         48          0          4       2831   freertos.o
       240          0          0          0          0       4334   gpio.o
       730          0          0          0      25392       5626   heap_4.o
       672        152         53          0          0       5709   icmp.o
        34          0          0          0          0        639   init.o
         0          0          0          0         24       2363   ip.o
       968         48         64          0          2       7412   ip4.o
        52          0          8          0          0       9992   ip4_addr.o
      2694        300         82          0          8      13111   ip4_frag.o
       454          0          0          0          0       7135   lan8742.o
       190          0          0          0          0       2349   list.o
       186          8          0          0        104       4056   lwip.o
      1114        224         60          0         28      11106   main.o
      1984        340        241          0      10275       6926   mem.o
      1600         60        341          0      12639       9180   memp.o
      6208        616        795          0          0      36769   mqtt.o
      1290        264         49          0         12      11770   netif.o
      3086        368        297          0          1      31309   pbuf.o
       994         16          0          4          8       4208   port.o
      3790          0          0          0         64      28297   queue.o
        36          8        428          0       1024        860   startup_stm32f429xx.o
       132          0          0          8          4       7715   stm32f4xx_hal.o
       156          0          0          0          0      10707   stm32f4xx_hal_cortex.o
      3506          0          0          0          0      29658   stm32f4xx_hal_eth.o
       464          0          0          0          0       5322   stm32f4xx_hal_gpio.o
        66          0          0          0          0       3758   stm32f4xx_hal_msp.o
      1494          0          0          0          0       7487   stm32f4xx_hal_rcc.o
       954          0          0          0          0      55055   stm32f4xx_hal_tim.o
         4          0          0          0          0      21260   stm32f4xx_hal_tim_ex.o
       180          0          0          0         72       7424   stm32f4xx_hal_timebase_tim.o
       332          0          0          0          0      31737   stm32f4xx_hal_uart.o
        42          0          0          0          0       7958   stm32f4xx_it.o
       284          0          0          0          4       8636   sys_arch.o
        18          0         24          4          0       2712   system_stm32f4xx.o
      3452          8          0          0       1280      43066   tasks.o
      9536       1058        447          8         25      36109   tcp.o
      6666        418        450          0         52      16383   tcp_in.o
      7186        940        702          0          0      27867   tcp_out.o
       764         88         91          0         16       9073   tcpip.o
      1444         56        153          0         12       8347   timeouts.o
      1086         20          5          0        300      16144   timers.o
      3056        488        144          2          4      14507   udp.o
       208          0          0          0         68       5491   usart.o

    ----------------------------------------------------------------------
     83544       6498       5072         48      72872     706298   Object Totals
         0          0         32          0          0          0   (incl. Generated)
       290         12          2          2         14          0   (incl. Padding)

    ----------------------------------------------------------------------

      Code (inc. data)   RO Data    RW Data    ZI Data      Debug   Library Member Name

         0          0          0          0          0          0   entry.o
         0          0          0          0          0          0   entry10a.o
         0          0          0          0          0          0   entry11a.o
         8          4          0          0          0          0   entry2.o
         4          0          0          0          0          0   entry5.o
         0          0          0          0          0          0   entry7b.o
         0          0          0          0          0          0   entry8b.o
         8          4          0          0          0          0   entry9a.o
        30          0          0          0          0          0   handlers.o
        36          8          0          0          0         68   init.o
        30          0          0          0          0         68   llshl.o
        32          0          0          0          0         68   llushr.o
        26          0          0          0          0         80   memcmp.o
        64          0          0          0          0         76   memmovea.o
        36          0          0          0          0        108   memseta.o
       546         18          0          0          0        340   printf3.o
        36          6          0          0          0         80   puts.o
        36         10          0          4          0        136   rand.o
         0          0          0          4          0          0   stdout.o
        14          0          0          0          0         68   strlen.o
        44          0          0          0          0         80   uidiv.o
        98          0          0          0          0         92   uldiv.o

    ----------------------------------------------------------------------
      1056         50          0          8          0       1264   Library Totals
         8          0          0          0          0          0   (incl. Padding)

    ----------------------------------------------------------------------

      Code (inc. data)   RO Data    RW Data    ZI Data      Debug   Library Name

      1048         50          0          8          0       1264   mc_w.l

    ----------------------------------------------------------------------
      1056         50          0          8          0       1264   Library Totals

    ----------------------------------------------------------------------

==============================================================================


      Code (inc. data)   RO Data    RW Data    ZI Data      Debug   

     84600       6548       5072         56      72872     706274   Grand Totals
     84600       6548       5072         56      72872     706274   ELF Image Totals
     84600       6548       5072         56          0          0   ROM Totals

==============================================================================

    Total RO  Size (Code + RO Data)                89672 (  87.57kB)
    Total RW  Size (RW Data + ZI Data)             72928 (  71.22kB)
    Total ROM Size (Code + RO Data + RW Data)      89728 (  87.62kB)

==============================================================================

