<html>
<body>
<pre>
<h1>µVision Build Log</h1>
<h2>Tool Versions:</h2>
IDE-Version: £gVision V5.38.0.0
Copyright (C) 2022 ARM Ltd and ARM Germany GmbH. All rights reserved.
License Information: 1 2, 3, LIC=WC91W-9LCTM-2QH0L-DAIH9-FB8KA-H8EDK
 
Tool Versions:
Toolchain:       MDK-ARM Community  Version: 5.38.0.0
Toolchain Path:  C:\Keil_v5\ARM\ARMCLANG\Bin
C Compiler:      ArmClang.exe V6.19
Assembler:       Armasm.exe V6.19
Linker/Locator:  ArmLink.exe V6.19
Library Manager: ArmAr.exe V6.19
Hex Converter:   FromElf.exe V6.19
CPU DLL:         SARMCM3.DLL V5.38.0.0
Dialog DLL:      DCM.DLL V1.17.5.0
Target DLL:      STLink\ST-LINKIII-KEIL_SWO.dll V3.1.0.0
Dialog DLL:      TCM.DLL V1.56.4.0
 
<h2>Project:</h2>
C:\Users\user\Desktop\IoT\lab7_mqtt\new\Lab7_mqtt_example_publish\MDK-ARM\Lab7_mqtt_example_publish.uvprojx
Project File Date:  04/08/2025

<h2>Output:</h2>
*** Using Compiler 'V6.19', folder: 'C:\Keil_v5\ARM\ARMCLANG\Bin'
Build target 'Lab7_mqtt_example_publish'
compiling stm32f4xx_hal_timebase_tim.c...
compiling lan8742.c...
compiling usart.c...
assembling startup_stm32f429xx.s...
compiling stm32f4xx_hal_msp.c...
compiling stm32f4xx_it.c...
compiling gpio.c...
compiling freertos.c...
compiling lwip.c...
compiling main.c...
compiling stm32f4xx_hal_rcc.c...
compiling ethernetif.c...
compiling stm32f4xx_hal_rcc_ex.c...
compiling stm32f4xx_hal_flash_ramfunc.c...
compiling stm32f4xx_hal_flash.c...
compiling stm32f4xx_hal_flash_ex.c...
compiling stm32f4xx_hal_pwr.c...
compiling stm32f4xx_hal_gpio.c...
compiling stm32f4xx_hal_dma_ex.c...
compiling stm32f4xx_hal_pwr_ex.c...
compiling stm32f4xx_hal_cortex.c...
compiling stm32f4xx_hal.c...
compiling stm32f4xx_hal_dma.c...
compiling stm32f4xx_hal_exti.c...
compiling list.c...
compiling croutine.c...
compiling system_stm32f4xx.c...
compiling stm32f4xx_hal_eth.c...
compiling event_groups.c...
compiling stream_buffer.c...
compiling stm32f4xx_hal_tim_ex.c...
compiling timers.c...
compiling queue.c...
compiling heap_4.c...
compiling port.c...
compiling stm32f4xx_hal_uart.c...
compiling auth.c...
compiling ccp.c...
compiling chap_ms.c...
compiling tasks.c...
compiling chap-md5.c...
compiling chap-new.c...
compiling demand.c...
compiling eui64.c...
compiling eap.c...
compiling cmsis_os2.c...
compiling stm32f4xx_hal_tim.c...
compiling fsm.c...
compiling ipcp.c...
compiling ipv6cp.c...
compiling lcp.c...
compiling magic.c...
compiling mppe.c...
compiling multilink.c...
compiling ppp.c...
compiling pppapi.c...
compiling pppcrypt.c...
compiling pppol2tp.c...
compiling pppoe.c...
compiling pppos.c...
compiling upap.c...
compiling vj.c...
compiling utils.c...
compiling bridgeif.c...
compiling ethernet.c...
compiling bridgeif_fdb.c...
compiling lowpan6.c...
compiling lowpan6_ble.c...
compiling lowpan6_common.c...
compiling zepif.c...
compiling ecp.c...
compiling if_api.c...
compiling err.c...
compiling netifapi.c...
compiling netbuf.c...
compiling netdb.c...
compiling api_lib.c...
compiling altcp.c...
compiling altcp_alloc.c...
compiling altcp_tcp.c...
compiling tcpip.c...
compiling api_msg.c...
compiling dns.c...
compiling def.c...
compiling ip.c...
compiling init.c...
compiling mem.c...
compiling inet_chksum.c...
compiling raw.c...
compiling stats.c...
compiling sys.c...
compiling memp.c...
compiling netif.c...
compiling sockets.c...
compiling autoip.c...
compiling pbuf.c...
compiling timeouts.c...
compiling igmp.c...
compiling icmp.c...
compiling udp.c...
compiling tcp_in.c...
compiling tcp_out.c...
compiling etharp.c...
compiling tcp.c...
compiling dhcp6.c...
compiling ethip6.c...
compiling ip4.c...
compiling icmp6.c...
compiling inet6.c...
compiling ip4_addr.c...
compiling dhcp.c...
compiling ip6.c...
compiling ip4_frag.c...
compiling ip6_addr.c...
compiling mld6.c...
compiling nd6.c...
compiling ip6_frag.c...
compiling sys_arch.c...
compiling mqtt.c...
linking...
Program Size: Code=84600 RO-data=5072 RW-data=56 ZI-data=72872  
FromELF: creating hex file...
"Lab7_mqtt_example_publish\Lab7_mqtt_example_publish.axf" - 0 Error(s), 0 Warning(s).

<h2>Software Packages used:</h2>

Package Vendor: ARM
                https://www.keil.com/pack/ARM.CMSIS.6.1.0.pack
                ARM.CMSIS.6.1.0
                CMSIS (Common Microcontroller Software Interface Standard)
   * Component: CORE Version: 6.1.0

Package Vendor: Keil
                https://www.keil.com/pack/Keil.STM32F4xx_DFP.2.17.1.pack
                Keil.STM32F4xx_DFP.2.17.1
                STMicroelectronics STM32F4 Series Device Support, Drivers and Examples

<h2>Collection of Component include folders:</h2>
  ./RTE/_Lab7_mqtt_example_publish
  C:/Users/user/AppData/Local/Arm/Packs/ARM/CMSIS/6.1.0/CMSIS/Core/Include
  C:/Users/user/AppData/Local/Arm/Packs/Keil/STM32F4xx_DFP/2.17.1/Drivers/CMSIS/Device/ST/STM32F4xx/Include

<h2>Collection of Component Files used:</h2>

   * Component: ARM::CMSIS:CORE:6.1.0
      Include file:  CMSIS/Core/Include/tz_context.h
Build Time Elapsed:  00:00:05
</pre>
</body>
</html>
